Archive member included to satisfy reference by file (symbol)

../../DaisyExamples/libdaisy/build\libdaisy.a(daisy_petal.o)
                              build/ChorusPetal.o (daisy::DaisyPetal::DelayMs(unsigned int))
../../DaisyExamples/libdaisy/build\libdaisy.a(daisy_seed.o)
                              ../../DaisyExamples/libdaisy/build\libdaisy.a(daisy_petal.o) (daisy::DaisySeed::Configure())
../../DaisyExamples/libdaisy/build\libdaisy.a(codec_ak4556.o)
                              ../../DaisyExamples/libdaisy/build\libdaisy.a(daisy_seed.o) (daisy::Ak4556::Init(dsy_gpio_pin))
../../DaisyExamples/libdaisy/build\libdaisy.a(sdram.o)
                              ../../DaisyExamples/libdaisy/build\libdaisy.a(daisy_seed.o) (dsy_sdram_init)
../../DaisyExamples/libdaisy/build\libdaisy.a(audio.o)
                              ../../DaisyExamples/libdaisy/build\libdaisy.a(daisy_seed.o) (daisy::AudioHandle::Init(daisy::AudioHandle::Config const&, daisy::SaiHandle))
../../DaisyExamples/libdaisy/build\libdaisy.a(ctrl.o)
                              ../../DaisyExamples/libdaisy/build\libdaisy.a(daisy_petal.o) (daisy::AnalogControl::Init(unsigned short*, float, bool, bool, float))
../../DaisyExamples/libdaisy/build\libdaisy.a(encoder.o)
                              ../../DaisyExamples/libdaisy/build\libdaisy.a(daisy_petal.o) (daisy::Encoder::Init(dsy_gpio_pin, dsy_gpio_pin, dsy_gpio_pin, float))
../../DaisyExamples/libdaisy/build\libdaisy.a(switch.o)
                              ../../DaisyExamples/libdaisy/build\libdaisy.a(daisy_petal.o) (daisy::Switch::Init(dsy_gpio_pin, float))
../../DaisyExamples/libdaisy/build\libdaisy.a(adc.o)
                              ../../DaisyExamples/libdaisy/build\libdaisy.a(daisy_petal.o) (daisy::AdcChannelConfig::InitSingle(dsy_gpio_pin))
../../DaisyExamples/libdaisy/build\libdaisy.a(gpio.o)
                              ../../DaisyExamples/libdaisy/build\libdaisy.a(daisy_petal.o) (dsy_gpio_init)
../../DaisyExamples/libdaisy/build\libdaisy.a(i2c.o)
                              ../../DaisyExamples/libdaisy/build\libdaisy.a(daisy_petal.o) (daisy::I2CHandle::Init(daisy::I2CHandle::Config const&))
../../DaisyExamples/libdaisy/build\libdaisy.a(qspi.o)
                              ../../DaisyExamples/libdaisy/build\libdaisy.a(daisy_seed.o) (dsy_qspi_init)
../../DaisyExamples/libdaisy/build\libdaisy.a(sai.o)
                              ../../DaisyExamples/libdaisy/build\libdaisy.a(daisy_seed.o) (daisy::SaiHandle::Init(daisy::SaiHandle::Config const&))
../../DaisyExamples/libdaisy/build\libdaisy.a(system.o)
                              ../../DaisyExamples/libdaisy/build\libdaisy.a(daisy_petal.o) (daisy::System::Delay(unsigned long))
../../DaisyExamples/libdaisy/build\libdaisy.a(system_stm32h7xx.o)
                              build/startup_stm32h750xx.o (SystemInit)
../../DaisyExamples/libdaisy/build\libdaisy.a(hal_map.o)
                              ../../DaisyExamples/libdaisy/build\libdaisy.a(sdram.o) (dsy_hal_map_get_port)
../../DaisyExamples/libdaisy/build\libdaisy.a(stm32h7xx_hal.o)
                              ../../DaisyExamples/libdaisy/build\libdaisy.a(system.o) (HAL_Init)
../../DaisyExamples/libdaisy/build\libdaisy.a(stm32h7xx_hal_adc.o)
                              ../../DaisyExamples/libdaisy/build\libdaisy.a(adc.o) (HAL_ADC_ConfigChannel)
../../DaisyExamples/libdaisy/build\libdaisy.a(stm32h7xx_hal_adc_ex.o)
                              ../../DaisyExamples/libdaisy/build\libdaisy.a(adc.o) (HAL_ADCEx_Calibration_Start)
../../DaisyExamples/libdaisy/build\libdaisy.a(stm32h7xx_hal_cortex.o)
                              ../../DaisyExamples/libdaisy/build\libdaisy.a(stm32h7xx_hal.o) (HAL_NVIC_SetPriorityGrouping)
../../DaisyExamples/libdaisy/build\libdaisy.a(stm32h7xx_hal_dma.o)
                              ../../DaisyExamples/libdaisy/build\libdaisy.a(adc.o) (HAL_DMA_Init)
../../DaisyExamples/libdaisy/build\libdaisy.a(stm32h7xx_hal_gpio.o)
                              ../../DaisyExamples/libdaisy/build\libdaisy.a(sdram.o) (HAL_GPIO_Init)
../../DaisyExamples/libdaisy/build\libdaisy.a(stm32h7xx_hal_i2c.o)
                              ../../DaisyExamples/libdaisy/build\libdaisy.a(i2c.o) (HAL_I2C_Init)
../../DaisyExamples/libdaisy/build\libdaisy.a(stm32h7xx_hal_i2c_ex.o)
                              ../../DaisyExamples/libdaisy/build\libdaisy.a(i2c.o) (HAL_I2CEx_ConfigAnalogFilter)
../../DaisyExamples/libdaisy/build\libdaisy.a(stm32h7xx_hal_pwr_ex.o)
                              ../../DaisyExamples/libdaisy/build\libdaisy.a(system.o) (HAL_PWREx_ConfigSupply)
../../DaisyExamples/libdaisy/build\libdaisy.a(stm32h7xx_hal_qspi.o)
                              ../../DaisyExamples/libdaisy/build\libdaisy.a(qspi.o) (HAL_QSPI_Init)
../../DaisyExamples/libdaisy/build\libdaisy.a(stm32h7xx_hal_rcc.o)
                              ../../DaisyExamples/libdaisy/build\libdaisy.a(system.o) (HAL_RCC_OscConfig)
../../DaisyExamples/libdaisy/build\libdaisy.a(stm32h7xx_hal_rcc_ex.o)
[...]
Memory Configuration

Name             Origin             Length             Attributes
FLASH            0x08000000         0x00020000         xr
DTCMRAM          0x20000000         0x00020000         xrw
SRAM             0x24000000         0x00080000         xrw
RAM_D2           0x30000000         0x00048000         xrw
RAM_D3           0x38000000         0x00010000         xrw
ITCMRAM          0x00000000         0x00010000         xrw
SDRAM            0xc0000000         0x04000000         xrw
QSPIFLASH        0x90000000         0x00800000         xr
*default*        0x00000000         0xffffffff

Linker script and memory map

LOAD c:/users/daniel schwartz/documents/daisytoolchain-0.3.1/windows/bin/../lib/gcc/arm-none-eabi/10.2.1/thumb/v7e-m+dp/hard/crti.o
LOAD c:/users/daniel schwartz/documents/daisytoolchain-0.3.1/windows/bin/../lib/gcc/arm-none-eabi/10.2.1/thumb/v7e-m+dp/hard/crtbegin.o
LOAD c:/users/daniel schwartz/documents/daisytoolchain-0.3.1/windows/bin/../lib/gcc/arm-none-eabi/10.2.1/../../../../arm-none-eabi/lib/thumb/v7e-m+dp/hard/crt0.o
LOAD build/startup_stm32h750xx.o
LOAD build/ChorusPetal.o
LOAD build/modulated_delay.o
LOAD build/oscillator.o
LOAD ../../DaisyExamples/libdaisy/build\libdaisy.a
LOAD c:/users/daniel schwartz/documents/daisytoolchain-0.3.1/windows/bin/../lib/gcc/arm-none-eabi/10.2.1/../../../../arm-none-eabi/lib/thumb/v7e-m+dp/hard\libnosys.a
LOAD ../../DaisyExamples/DaisySP/build\libdaisysp.a
LOAD c:/users/daniel schwartz/documents/daisytoolchain-0.3.1/windows/bin/../lib/gcc/arm-none-eabi/10.2.1/../../../../arm-none-eabi/lib/thumb/v7e-m+dp/hard\libstdc++_nano.a
LOAD c:/users/daniel schwartz/documents/daisytoolchain-0.3.1/windows/bin/../lib/gcc/arm-none-eabi/10.2.1/../../../../arm-none-eabi/lib/thumb/v7e-m+dp/hard\libm.a
LOAD c:/users/daniel schwartz/documents/daisytoolchain-0.3.1/windows/bin/../lib/gcc/arm-none-eabi/10.2.1/../../../../arm-none-eabi/lib/thumb/v7e-m+dp/hard\libc_nano.a
START GROUP
LOAD c:/users/daniel schwartz/documents/daisytoolchain-0.3.1/windows/bin/../lib/gcc/arm-none-eabi/10.2.1/thumb/v7e-m+dp/hard\libgcc.a
LOAD c:/users/daniel schwartz/documents/daisytoolchain-0.3.1/windows/bin/../lib/gcc/arm-none-eabi/10.2.1/../../../../arm-none-eabi/lib/thumb/v7e-m+dp/hard\libc_nano.a
END GROUP
START GROUP
LOAD c:/users/daniel schwartz/documents/daisytoolchain-0.3.1/windows/bin/../lib/gcc/arm-none-eabi/10.2.1/thumb/v7e-m+dp/hard\libgcc.a
LOAD c:/users/daniel schwartz/documents/daisytoolchain-0.3.1/windows/bin/../lib/gcc/arm-none-eabi/10.2.1/../../../../arm-none-eabi/lib/thumb/v7e-m+dp/hard\libc_nano.a
LOAD c:/users/daniel schwartz/documents/daisytoolchain-0.3.1/windows/bin/../lib/gcc/arm-none-eabi/10.2.1/../../../../arm-none-eabi/lib/thumb/v7e-m+dp/hard\libnosys.a
END GROUP
START GROUP
LOAD c:/users/daniel schwartz/documents/daisytoolchain-0.3.1/windows/bin/../lib/gcc/arm-none-eabi/10.2.1/thumb/v7e-m+dp/hard\libgcc.a
LOAD c:/users/daniel schwartz/documents/daisytoolchain-0.3.1/windows/bin/../lib/gcc/arm-none-eabi/10.2.1/../../../../arm-none-eabi/lib/thumb/v7e-m+dp/hard\libc_nano.a
LOAD c:/users/daniel schwartz/documents/daisytoolchain-0.3.1/windows/bin/../lib/gcc/arm-none-eabi/10.2.1/../../../../arm-none-eabi/lib/thumb/v7e-m+dp/hard\libnosys.a
END GROUP
LOAD c:/users/daniel schwartz/documents/daisytoolchain-0.3.1/windows/bin/../lib/gcc/arm-none-eabi/10.2.1/thumb/v7e-m+dp/hard/crtend.o
LOAD c:/users/daniel schwartz/documents/daisytoolchain-0.3.1/windows/bin/../lib/gcc/arm-none-eabi/10.2.1/thumb/v7e-m+dp/hard/crtn.o
                0x20020000                _estack = 0x20020000

.isr_vector     0x08000000      0x298
                0x08000000                . = ALIGN (0x4)
 *(.isr_vector)
 .isr_vector    0x08000000      0x298 build/startup_stm32h750xx.o
                0x08000000                g_pfnVectors
                0x08000298                . = ALIGN (0x4)

.text           0x080002a0     0xdcc8
                0x080002a0                . = ALIGN (0x4)
                0x080002a0                _stext = .
 *(.text)
 .text          0x080002a0       0x40 c:/users/daniel schwartz/documents/daisytoolchain-0.3.1/windows/bin/../lib/gcc/arm-none-eabi/10.2.1/thumb/v7e-m+dp/hard/crtbegin.o
 .text          0x080002e0       0xa0 c:/users/daniel schwartz/documents/daisytoolchain-0.3.1/windows/bin/../lib/gcc/arm-none-eabi/10.2.1/../../../../arm-none-eabi/lib/thumb/v7e-m+dp/hard\libc_nano.a(lib_a-memchr.o)
                0x080002e0                memchr
 .text          0x08000380      0x378 c:/users/daniel schwartz/documents/daisytoolchain-0.3.1/windows/bin/../lib/gcc/arm-none-eabi/10.2.1/thumb/v7e-m+dp/hard\libgcc.a(_arm_addsubdf3.o)
                0x08000380                __aeabi_drsub
                0x08000388                __aeabi_dsub
                0x08000388                __subdf3
                0x0800038c                __aeabi_dadd
                0x0800038c                __adddf3
                0x08000604                __floatunsidf
                0x08000604                __aeabi_ui2d
                0x08000624                __floatsidf
                0x08000624                __aeabi_i2d
                0x08000648                __aeabi_f2d
                0x08000648                __extendsfdf2
                0x0800068c                __floatundidf
                0x0800068c                __aeabi_ul2d
                0x0800069c                __floatdidf
                0x0800069c                __aeabi_l2d
 *(.text*)
 .text.Default_Handler
                0x080006f8        0x4 build/startup_stm32h750xx.o
                0x080006f8                RTC_Alarm_IRQHandler
                0x080006f8                HASH_RNG_IRQHandler
                0x080006f8                EXTI2_IRQHandler
                0x080006f8                TIM8_CC_IRQHandler
                0x080006f8                HRTIM1_Master_IRQHandler
                0x080006f8                DebugMon_Handler
                0x080006f8                UART8_IRQHandler
                0x080006f8                SPI4_IRQHandler
                0x080006f8                TIM1_CC_IRQHandler
                0x080006f8                BDMA_Channel6_IRQHandler
                0x080006f8                DMA2_Stream5_IRQHandler
                0x080006f8                HRTIM1_FLT_IRQHandler
                0x080006f8                JPEG_IRQHandler
                0x080006f8                DMA1_Stream5_IRQHandler
                0x080006f8                BDMA_Channel1_IRQHandler
                0x080006f8                HRTIM1_TIMD_IRQHandler
                0x080006f8                TAMP_STAMP_IRQHandler
                0x080006f8                PendSV_Handler
                0x080006f8                NMI_Handler
                0x080006f8                EXTI3_IRQHandler
                0x080006f8                LPTIM4_IRQHandler
                0x080006f8                TIM8_TRG_COM_TIM14_IRQHandler
                0x080006f8                LPTIM2_IRQHandler
                0x080006f8                DFSDM1_FLT1_IRQHandler
                0x080006f8                DMAMUX2_OVR_IRQHandler
                0x080006f8                TIM8_UP_TIM13_IRQHandler
                0x080006f8                I2C3_ER_IRQHandler
                0x080006f8                DFSDM1_FLT2_IRQHandler
                0x080006f8                MDMA_IRQHandler
                0x080006f8                LPTIM3_IRQHandler
                0x080006f8                HSEM1_IRQHandler
                0x080006f8                EXTI0_IRQHandler
                0x080006f8                FPU_IRQHandler
                0x080006f8                OTG_HS_WKUP_IRQHandler
                0x080006f8                FDCAN1_IT1_IRQHandler
                0x080006f8                UsageFault_Handler
                0x080006f8                LTDC_ER_IRQHandler
                0x080006f8                DMA2_Stream2_IRQHandler
                0x080006f8                HRTIM1_TIME_IRQHandler
                0x080006f8                SPI1_IRQHandler
                0x080006f8                TIM6_DAC_IRQHandler
                0x080006f8                DCMI_IRQHandler
                0x080006f8                HRTIM1_TIMC_IRQHandler
                0x080006f8                DMA2_Stream3_IRQHandler
                0x080006f8                SAI2_IRQHandler
                0x080006f8                DFSDM1_FLT3_IRQHandler
                0x080006f8                USART6_IRQHandler
                0x080006f8                TIM17_IRQHandler
                0x080006f8                USART3_IRQHandler
                0x080006f8                CRYP_IRQHandler
                0x080006f8                BDMA_Channel7_IRQHandler
                0x080006f8                LPTIM5_IRQHandler
                0x080006f8                UART5_IRQHandler
                0x080006f8                ADC3_IRQHandler
                0x080006f8                DMA2_Stream0_IRQHandler
                0x080006f8                TIM4_IRQHandler
                0x080006f8                BDMA_Channel2_IRQHandler
                0x080006f8                DMAMUX1_OVR_IRQHandler
                0x080006f8                TIM16_IRQHandler
                0x080006f8                UART4_IRQHandler
                0x080006f8                BDMA_Channel5_IRQHandler
                0x080006f8                TIM3_IRQHandler
                0x080006f8                RCC_IRQHandler
                0x080006f8                TIM8_BRK_TIM12_IRQHandler
                0x080006f8                TIM1_TRG_COM_IRQHandler
                0x080006f8                Default_Handler
                0x080006f8                ECC_IRQHandler
                0x080006f8                CEC_IRQHandler
                0x080006f8                EXTI15_10_IRQHandler
                0x080006f8                BDMA_Channel0_IRQHandler
                0x080006f8                ADC_IRQHandler
                0x080006f8                DMA1_Stream7_IRQHandler
                0x080006f8                HRTIM1_TIMA_IRQHandler
                0x080006f8                SPI5_IRQHandler
                0x080006f8                TIM7_IRQHandler
                0x080006f8                SDMMC1_IRQHandler
                0x080006f8                TIM5_IRQHandler
                0x080006f8                DMA2_Stream7_IRQHandler
                0x080006f8                TIM15_IRQHandler
                0x080006f8                PVD_AVD_IRQHandler
                0x080006f8                EXTI9_5_IRQHandler
                0x080006f8                RTC_WKUP_IRQHandler
                0x080006f8                LTDC_IRQHandler
                0x080006f8                SAI3_IRQHandler
                0x080006f8                ETH_WKUP_IRQHandler
                0x080006f8                SPDIF_RX_IRQHandler
                0x080006f8                SPI2_IRQHandler
                0x080006f8                OTG_HS_EP1_IN_IRQHandler
                0x080006f8                MemManage_Handler
                0x080006f8                SVC_Handler
                0x080006f8                CRS_IRQHandler
                0x080006f8                EXTI4_IRQHandler
                0x080006f8                HRTIM1_TIMB_IRQHandler
                0x080006f8                FDCAN2_IT1_IRQHandler
                0x080006f8                ETH_IRQHandler
                0x080006f8                TIM1_UP_IRQHandler
                0x080006f8                BDMA_Channel4_IRQHandler
                0x080006f8                OTG_HS_EP1_OUT_IRQHandler
                0x080006f8                WWDG_IRQHandler
                0x080006f8                SPI6_IRQHandler
                0x080006f8                I2C4_EV_IRQHandler
                0x080006f8                MDIOS_IRQHandler
                0x080006f8                FDCAN2_IT0_IRQHandler
                0x080006f8                LPUART1_IRQHandler
                0x080006f8                FDCAN1_IT0_IRQHandler
                0x080006f8                TIM2_IRQHandler
                0x080006f8                OTG_FS_WKUP_IRQHandler
                0x080006f8                OTG_HS_IRQHandler
                0x080006f8                DMA2D_IRQHandler
                0x080006f8                TIM1_BRK_IRQHandler
                0x080006f8                EXTI1_IRQHandler
                0x080006f8                SDMMC2_IRQHandler
                0x080006f8                OTG_FS_EP1_OUT_IRQHandler
                0x080006f8                BDMA_Channel3_IRQHandler
                0x080006f8                UART7_IRQHandler
                0x080006f8                MDIOS_WKUP_IRQHandler
                0x080006f8                USART2_IRQHandler
                0x080006f8                DFSDM1_FLT0_IRQHandler
                0x080006f8                SAI4_IRQHandler
                0x080006f8                I2C2_ER_IRQHandler
                0x080006f8                DMA2_Stream1_IRQHandler
                0x080006f8                FLASH_IRQHandler
                0x080006f8                DMA2_Stream4_IRQHandler
                0x080006f8                BusFault_Handler
                0x080006f8                USART1_IRQHandler
                0x080006f8                OTG_FS_IRQHandler
                0x080006f8                SPI3_IRQHandler
                0x080006f8                WAKEUP_PIN_IRQHandler
                0x080006f8                OTG_FS_EP1_IN_IRQHandler
                0x080006f8                I2C1_ER_IRQHandler
                0x080006f8                FMC_IRQHandler
                0x080006f8                FDCAN_CAL_IRQHandler
                0x080006f8                SWPMI1_IRQHandler
                0x080006f8                COMP1_IRQHandler
                0x080006f8                LPTIM1_IRQHandler
                0x080006f8                I2C4_ER_IRQHandler
                0x080006f8                DMA2_Stream6_IRQHandler
                0x080006f8                SAI1_IRQHandler
 .text.Reset_Handler
                0x080006fc       0x44 build/startup_stm32h750xx.o
                0x080006fc                Reset_Handler
 .text._ZN5daisy10DaisyPetalD2Ev
                0x08000740        0x4 build/ChorusPetal.o
                0x08000740                daisy::DaisyPetal::~DaisyPetal()
                0x08000740                daisy::DaisyPetal::~DaisyPetal()
 .text._ZN10dingus_dsp6ChorusD2Ev
                0x08000744        0x4 build/ChorusPetal.o
                0x08000744                dingus_dsp::Chorus::~Chorus()
                0x08000744                dingus_dsp::Chorus::~Chorus()
 .text._ZN16GlobalParametersD2Ev
                0x08000748        0x4 build/ChorusPetal.o
                0x08000748                GlobalParameters::~GlobalParameters()
                0x08000748                GlobalParameters::~GlobalParameters()
 .text._Z8Controlsv
                0x0800074c      0x138 build/ChorusPetal.o
                0x0800074c                Controls()
 .text._Z13AudioCallbackPKPKfPPfj
                0x08000884      0x418 build/ChorusPetal.o
                0x08000884                AudioCallback(float const* const*, float**, unsigned int)
 .text.startup.main
                0x08000c9c      0x12c build/ChorusPetal.o
                0x08000c9c                main
 .text.startup._GLOBAL__sub_I_hw
                0x08000dc8       0xf4 build/ChorusPetal.o
 .text._ZN10dingus_dsp10Oscillator4InitEf
                0x08000ebc       0x24 build/oscillator.o
                0x08000ebc                dingus_dsp::Oscillator::Init(float)
 .text._ZN10dingus_dsp10Oscillator7ProcessEv
                0x08000ee0       0xb0 build/oscillator.o
                0x08000ee0                dingus_dsp::Oscillator::Process()
 .text._ZN10dingus_dsp10Oscillator11UpdateDeltaEv
                0x08000f90       0x20 build/oscillator.o
                0x08000f90                dingus_dsp::Oscillator::UpdateDelta()
 .text._ZN5daisy16LedDriverPca9685ILi2ELb1EE14TxCpltCallbackEPvNS_9I2CHandle6ResultE
                0x08000fb0       0x5c ../../DaisyExamples/libdaisy/build\libdaisy.a(daisy_petal.o)
                0x08000fb0                daisy::LedDriverPca9685<2, true>::TxCpltCallback(void*, daisy::I2CHandle::Result)
 .text._ZN5daisy10DaisyPetal7DelayMsEj
                0x0800100c        0x4 ../../DaisyExamples/libdaisy/build\libdaisy.a(daisy_petal.o)
                0x0800100c                daisy::DaisyPetal::DelayMs(unsigned int)
 .text._ZN5daisy10DaisyPetal17SetHidUpdateRatesEv
                0x08001010       0x80 ../../DaisyExamples/libdaisy/build\libdaisy.a(daisy_petal.o)
                0x08001010                daisy::DaisyPetal::SetHidUpdateRates()
 .text._ZN5daisy10DaisyPetal10StartAudioEPFvPKPKfPPfjE
                0x08001090        0x4 ../../DaisyExamples/libdaisy/build\libdaisy.a(daisy_petal.o)
                0x08001090                daisy::DaisyPetal::StartAudio(void (*)(float const* const*, float**, unsigned int))
 .text._ZN5daisy10DaisyPetal15AudioSampleRateEv
                0x08001094        0x4 ../../DaisyExamples/libdaisy/build\libdaisy.a(daisy_petal.o)
                0x08001094                daisy::DaisyPetal::AudioSampleRate()
 .text._ZN5daisy10DaisyPetal8StartAdcEv
                0x08001098        0x8 ../../DaisyExamples/libdaisy/build\libdaisy.a(daisy_petal.o)
                0x08001098                daisy::DaisyPetal::StartAdc()
 .text._ZN5daisy10DaisyPetal21ProcessAnalogControlsEv
                0x080010a0       0x20 ../../DaisyExamples/libdaisy/build\libdaisy.a(daisy_petal.o)
                0x080010a0                daisy::DaisyPetal::ProcessAnalogControls()
 .text._ZN5daisy10DaisyPetal22ProcessDigitalControlsEv
                0x080010c0       0x20 ../../DaisyExamples/libdaisy/build\libdaisy.a(daisy_petal.o)
                0x080010c0                daisy::DaisyPetal::ProcessDigitalControls()
 .text._ZN5daisy10DaisyPetal9ClearLedsEv
                0x080010e0      0x1ac ../../DaisyExamples/libdaisy/build\libdaisy.a(daisy_petal.o)
                0x080010e0                daisy::DaisyPetal::ClearLeds()
 .text._ZN5daisy10DaisyPetal10UpdateLedsEv
                0x0800128c      0x188 ../../DaisyExamples/libdaisy/build\libdaisy.a(daisy_petal.o)
                0x0800128c                daisy::DaisyPetal::UpdateLeds()
 .text._ZN5daisy10DaisyPetal16SetFootswitchLedENS0_13FootswitchLedEf
                0x08001414       0x90 ../../DaisyExamples/libdaisy/build\libdaisy.a(daisy_petal.o)
                0x08001414                daisy::DaisyPetal::SetFootswitchLed(daisy::DaisyPetal::FootswitchLed, float)
 .text._ZN5daisy10DaisyPetal8InitLedsEv
                0x080014a4      0x2c0 ../../DaisyExamples/libdaisy/build\libdaisy.a(daisy_petal.o)
                0x080014a4                daisy::DaisyPetal::InitLeds()
 .text._ZN5daisy10DaisyPetal18InitAnalogControlsEv
                0x08001764      0x108 ../../DaisyExamples/libdaisy/build\libdaisy.a(daisy_petal.o)
                0x08001764                daisy::DaisyPetal::InitAnalogControls()
 .text._ZN5daisy10DaisyPetal4InitEb
                0x0800186c       0xb4 ../../DaisyExamples/libdaisy/build\libdaisy.a(daisy_petal.o)
                0x0800186c                daisy::DaisyPetal::Init(bool)
 .text.startup._GLOBAL__sub_I__ZN5daisy10DaisyPetal4InitEb
                0x08001920       0x18 ../../DaisyExamples/libdaisy/build\libdaisy.a(daisy_petal.o)
 .text._ZN5daisy9DaisySeed9ConfigureEv
                0x08001938       0x4c ../../DaisyExamples/libdaisy/build\libdaisy.a(daisy_seed.o)
                0x08001938                daisy::DaisySeed::Configure()
 .text._ZN5daisy9DaisySeed6GetPinEh
                0x08001984       0x2c ../../DaisyExamples/libdaisy/build\libdaisy.a(daisy_seed.o)
                0x08001984                daisy::DaisySeed::GetPin(unsigned char)
 .text._ZN5daisy9DaisySeed7DelayMsEj
                0x080019b0        0x8 ../../DaisyExamples/libdaisy/build\libdaisy.a(daisy_seed.o)
                0x080019b0                daisy::DaisySeed::DelayMs(unsigned int)
 .text._ZN5daisy9DaisySeed10StartAudioEPFvPKPKfPPfjE
                0x080019b8        0x8 ../../DaisyExamples/libdaisy/build\libdaisy.a(daisy_seed.o)
                0x080019b8                daisy::DaisySeed::StartAudio(void (*)(float const* const*, float**, unsigned int))
 .text._ZN5daisy9DaisySeed15AudioSampleRateEv
                0x080019c0        0x8 ../../DaisyExamples/libdaisy/build\libdaisy.a(daisy_seed.o)
                0x080019c0                daisy::DaisySeed::AudioSampleRate()
 .text._ZN5daisy9DaisySeed17SetAudioBlockSizeEj
                0x080019c8       0x38 ../../DaisyExamples/libdaisy/build\libdaisy.a(daisy_seed.o)
                0x080019c8                daisy::DaisySeed::SetAudioBlockSize(unsigned int)
 .text._ZNK5daisy9DaisySeed17AudioCallbackRateEv
                0x08001a00        0x8 ../../DaisyExamples/libdaisy/build\libdaisy.a(daisy_seed.o)
                0x08001a00                daisy::DaisySeed::AudioCallbackRate() const
 .text._ZN5daisy9DaisySeed14ConfigureAudioEv
                0x08001a08       0x78 ../../DaisyExamples/libdaisy/build\libdaisy.a(daisy_seed.o)
                0x08001a08                daisy::DaisySeed::ConfigureAudio()
 .text._ZN5daisy9DaisySeed4InitEb
                0x08001a80       0x7c ../../DaisyExamples/libdaisy/build\libdaisy.a(daisy_seed.o)
                0x08001a80                daisy::DaisySeed::Init(bool)
 .text._ZN5daisy6Ak45564InitE12dsy_gpio_pin
                0x08001afc       0x44 ../../DaisyExamples/libdaisy/build\libdaisy.a(codec_ak4556.o)
                0x08001afc                daisy::Ak4556::Init(dsy_gpio_pin)
 .text.dsy_sdram_init
                0x08001b40      0x108 ../../DaisyExamples/libdaisy/build\libdaisy.a(sdram.o)
                0x08001b40                dsy_sdram_init
 .text.HAL_SDRAM_MspInit
                0x08001c48      0x1d0 ../../DaisyExamples/libdaisy/build\libdaisy.a(sdram.o)
                0x08001c48                HAL_SDRAM_MspInit
 .text._ZN5daisy11AudioHandle4Impl16InternalCallbackEPlS2_j
                0x08001e18      0xbbc ../../DaisyExamples/libdaisy/build\libdaisy.a(audio.o)
                0x08001e18                daisy::AudioHandle::Impl::InternalCallback(long*, long*, unsigned int)
 .text._ZN5daisy11AudioHandle4InitERKNS0_6ConfigENS_9SaiHandleE
                0x080029d4       0x64 ../../DaisyExamples/libdaisy/build\libdaisy.a(audio.o)
                0x080029d4                daisy::AudioHandle::Init(daisy::AudioHandle::Config const&, daisy::SaiHandle)
 .text._ZNK5daisy11AudioHandle9GetConfigEv
                0x08002a38        0x8 ../../DaisyExamples/libdaisy/build\libdaisy.a(audio.o)
                0x08002a38                daisy::AudioHandle::GetConfig() const
 .text._ZN5daisy11AudioHandle12SetBlockSizeEj
                0x08002a40       0x1c ../../DaisyExamples/libdaisy/build\libdaisy.a(audio.o)
                0x08002a40                daisy::AudioHandle::SetBlockSize(unsigned int)
 .text._ZN5daisy11AudioHandle13GetSampleRateEv
                0x08002a5c        0x8 ../../DaisyExamples/libdaisy/build\libdaisy.a(audio.o)
                0x08002a5c                daisy::AudioHandle::GetSampleRate()
 .text._ZN5daisy11AudioHandle5StartEPFvPKPKfPPfjE
                0x08002a64       0x44 ../../DaisyExamples/libdaisy/build\libdaisy.a(audio.o)
                0x08002a64                daisy::AudioHandle::Start(void (*)(float const* const*, float**, unsigned int))
 .text.startup._GLOBAL__sub_I__ZN5daisy11AudioHandle4Impl4InitENS0_6ConfigENS_9SaiHandleE
                0x08002aa8       0x10 ../../DaisyExamples/libdaisy/build\libdaisy.a(audio.o)
 .text._ZN5daisy13AnalogControl4InitEPtfbbf
                0x08002ab8       0x3c ../../DaisyExamples/libdaisy/build\libdaisy.a(ctrl.o)
                0x08002ab8                daisy::AnalogControl::Init(unsigned short*, float, bool, bool, float)
 .text._ZN5daisy13AnalogControl7ProcessEv
                0x08002af4       0x48 ../../DaisyExamples/libdaisy/build\libdaisy.a(ctrl.o)
                0x08002af4                daisy::AnalogControl::Process()
 .text._ZN5daisy13AnalogControl13SetSampleRateEf
                0x08002b3c       0x30 ../../DaisyExamples/libdaisy/build\libdaisy.a(ctrl.o)
                0x08002b3c                daisy::AnalogControl::SetSampleRate(float)
 .text._ZN5daisy7Encoder4InitE12dsy_gpio_pinS1_S1_f
                0x08002b6c       0x4c ../../DaisyExamples/libdaisy/build\libdaisy.a(encoder.o)
                0x08002b6c                daisy::Encoder::Init(dsy_gpio_pin, dsy_gpio_pin, dsy_gpio_pin, float)
 .text._ZN5daisy7Encoder8DebounceEv
                0x08002bb8       0x60 ../../DaisyExamples/libdaisy/build\libdaisy.a(encoder.o)
                0x08002bb8                daisy::Encoder::Debounce()
 .text._ZN5daisy6Switch4InitE12dsy_gpio_pinf
                0x08002c18       0x3c ../../DaisyExamples/libdaisy/build\libdaisy.a(switch.o)
                0x08002c18                daisy::Switch::Init(dsy_gpio_pin, float)
 .text._ZN5daisy6Switch8DebounceEv
                0x08002c54       0x4c ../../DaisyExamples/libdaisy/build\libdaisy.a(switch.o)
                0x08002c54                daisy::Switch::Debounce()
 .text._ZN5daisy16AdcChannelConfig10InitSingleE12dsy_gpio_pin
                0x08002ca0       0x1c ../../DaisyExamples/libdaisy/build\libdaisy.a(adc.o)
                0x08002ca0                daisy::AdcChannelConfig::InitSingle(dsy_gpio_pin)
 .text._ZN5daisy9AdcHandle4InitEPNS_16AdcChannelConfigEjNS0_12OverSamplingE
                0x08002cbc      0x6e8 ../../DaisyExamples/libdaisy/build\libdaisy.a(adc.o)
                0x08002cbc                daisy::AdcHandle::Init(daisy::AdcChannelConfig*, unsigned int, daisy::AdcHandle::OverSampling)
 .text._ZN5daisy9AdcHandle5StartEv
                0x080033a4       0x2c ../../DaisyExamples/libdaisy/build\libdaisy.a(adc.o)
                0x080033a4                daisy::AdcHandle::Start()
 .text._ZNK5daisy9AdcHandle6GetPtrEh
                0x080033d0       0x14 ../../DaisyExamples/libdaisy/build\libdaisy.a(adc.o)
                0x080033d0                daisy::AdcHandle::GetPtr(unsigned char) const
 .text.HAL_ADC_MspInit
                0x080033e4       0x98 ../../DaisyExamples/libdaisy/build\libdaisy.a(adc.o)
                0x080033e4                HAL_ADC_MspInit
 .text.DMA1_Stream2_IRQHandler
                0x0800347c        0xc ../../DaisyExamples/libdaisy/build\libdaisy.a(adc.o)
                0x0800347c                DMA1_Stream2_IRQHandler
 .text.HAL_ADC_ConvCpltCallback
                0x08003488      0x14c ../../DaisyExamples/libdaisy/build\libdaisy.a(adc.o)
                0x08003488                HAL_ADC_ConvCpltCallback
 .text.HAL_ADC_ErrorCallback
                0x080035d4        0x4 ../../DaisyExamples/libdaisy/build\libdaisy.a(adc.o)
                0x080035d4                HAL_ADC_ErrorCallback
 .text.dsy_gpio_init
                0x080035d8      0x1b8 ../../DaisyExamples/libdaisy/build\libdaisy.a(gpio.o)
                0x080035d8                dsy_gpio_init
 .text.dsy_gpio_read
                0x08003790       0x1c ../../DaisyExamples/libdaisy/build\libdaisy.a(gpio.o)
                0x08003790                dsy_gpio_read
 .text.dsy_gpio_write
                0x080037ac       0x24 ../../DaisyExamples/libdaisy/build\libdaisy.a(gpio.o)
                0x080037ac                dsy_gpio_write
 .text._ZN5daisy9I2CHandle4Impl20StartDmaTransmissionEtPhtPFvPvNS0_6ResultEES3_
                0x080037d0       0xe8 ../../DaisyExamples/libdaisy/build\libdaisy.a(i2c.o)
                0x080037d0                daisy::I2CHandle::Impl::StartDmaTransmission(unsigned short, unsigned char*, unsigned short, void (*)(void*, daisy::I2CHandle::Result), void*)
 .text._ZN5daisy9I2CHandle4Impl17StartDmaReceptionEtPhtPFvPvNS0_6ResultEES3_
                0x080038b8       0xe4 ../../DaisyExamples/libdaisy/build\libdaisy.a(i2c.o)
                0x080038b8                daisy::I2CHandle::Impl::StartDmaReception(unsigned short, unsigned char*, unsigned short, void (*)(void*, daisy::I2CHandle::Result), void*)
 .text._ZN5daisy9I2CHandle4Impl8InitPinsEv
                0x0800399c       0x58 ../../DaisyExamples/libdaisy/build\libdaisy.a(i2c.o)
                0x0800399c                daisy::I2CHandle::Impl::InitPins()
 .text.HAL_I2C_MspInit
                0x080039f4      0x1b4 ../../DaisyExamples/libdaisy/build\libdaisy.a(i2c.o)
                0x080039f4                HAL_I2C_MspInit
 .text.dsy_i2c_global_init
                0x08003ba8       0x78 ../../DaisyExamples/libdaisy/build\libdaisy.a(i2c.o)
                0x08003ba8                dsy_i2c_global_init
 .text.DMA1_Stream6_IRQHandler
                0x08003c20       0x34 ../../DaisyExamples/libdaisy/build\libdaisy.a(i2c.o)
                0x08003c20                DMA1_Stream6_IRQHandler
 .text.I2C1_EV_IRQHandler
                0x08003c54        0xc ../../DaisyExamples/libdaisy/build\libdaisy.a(i2c.o)
                0x08003c54                I2C1_EV_IRQHandler
 .text.I2C2_EV_IRQHandler
                0x08003c60        0xc ../../DaisyExamples/libdaisy/build\libdaisy.a(i2c.o)
                0x08003c60                I2C2_EV_IRQHandler
 .text.I2C3_EV_IRQHandler
                0x08003c6c        0xc ../../DaisyExamples/libdaisy/build\libdaisy.a(i2c.o)
                0x08003c6c                I2C3_EV_IRQHandler
 .text.HAL_I2C_MasterTxCpltCallback
                0x08003c78       0x94 ../../DaisyExamples/libdaisy/build\libdaisy.a(i2c.o)
                0x08003c78                HAL_I2C_MasterTxCpltCallback
 .text.HAL_I2C_MasterRxCpltCallback
                0x08003d0c       0x94 ../../DaisyExamples/libdaisy/build\libdaisy.a(i2c.o)
                0x08003d0c                HAL_I2C_MasterRxCpltCallback
 .text.HAL_I2C_SlaveTxCpltCallback
                0x08003da0       0x94 ../../DaisyExamples/libdaisy/build\libdaisy.a(i2c.o)
                0x08003da0                HAL_I2C_SlaveTxCpltCallback
 .text.HAL_I2C_SlaveRxCpltCallback
                0x08003e34       0x94 ../../DaisyExamples/libdaisy/build\libdaisy.a(i2c.o)
                0x08003e34                HAL_I2C_SlaveRxCpltCallback
 .text.HAL_I2C_ErrorCallback
                0x08003ec8       0x9c ../../DaisyExamples/libdaisy/build\libdaisy.a(i2c.o)
                0x08003ec8                HAL_I2C_ErrorCallback
 .text._ZN5daisy9I2CHandle4InitERKNS0_6ConfigE
                0x08003f64      0x12c ../../DaisyExamples/libdaisy/build\libdaisy.a(i2c.o)
                0x08003f64                daisy::I2CHandle::Init(daisy::I2CHandle::Config const&)
 .text._ZNK5daisy9I2CHandle9GetConfigEv
                0x08004090        0x4 ../../DaisyExamples/libdaisy/build\libdaisy.a(i2c.o)
                0x08004090                daisy::I2CHandle::GetConfig() const
 .text._ZN5daisy9I2CHandle16TransmitBlockingEtPhtm
                0x08004094       0x50 ../../DaisyExamples/libdaisy/build\libdaisy.a(i2c.o)
                0x08004094                daisy::I2CHandle::TransmitBlocking(unsigned short, unsigned char*, unsigned short, unsigned long)
 .text._ZN5daisy9I2CHandle11TransmitDmaEtPhtPFvPvNS0_6ResultEES2_
                0x080040e4       0x64 ../../DaisyExamples/libdaisy/build\libdaisy.a(i2c.o)
                0x080040e4                daisy::I2CHandle::TransmitDma(unsigned short, unsigned char*, unsigned short, void (*)(void*, daisy::I2CHandle::Result), void*)
 .text.startup._GLOBAL__sub_I__ZN5daisy9I2CHandle4Impl10GlobalInitEv
                0x08004148       0x18 ../../DaisyExamples/libdaisy/build\libdaisy.a(i2c.o)
 .text.dsy_qspi_init
                0x08004160      0x388 ../../DaisyExamples/libdaisy/build\libdaisy.a(qspi.o)
                0x08004160                dsy_qspi_init
 .text.HAL_QSPI_MspInit
                0x080044e8      0x10c ../../DaisyExamples/libdaisy/build\libdaisy.a(qspi.o)
                0x080044e8                HAL_QSPI_MspInit
 .text.HAL_QSPI_MspDeInit
                0x080045f4       0x58 ../../DaisyExamples/libdaisy/build\libdaisy.a(qspi.o)
                0x080045f4                HAL_QSPI_MspDeInit
 .text.QUADSPI_IRQHandler
                0x0800464c        0xc ../../DaisyExamples/libdaisy/build\libdaisy.a(qspi.o)
                0x0800464c                QUADSPI_IRQHandler
 .text._ZN5daisy9SaiHandle4Impl7InitDmaENS1_15PeripheralBlockE
                0x08004658       0xa0 ../../DaisyExamples/libdaisy/build\libdaisy.a(sai.o)
                0x08004658                daisy::SaiHandle::Impl::InitDma(daisy::SaiHandle::Impl::PeripheralBlock)
 .text._ZN5daisy9SaiHandle4Impl8InitPinsEv
                0x080046f8       0xa8 ../../DaisyExamples/libdaisy/build\libdaisy.a(sai.o)
                0x080046f8                daisy::SaiHandle::Impl::InitPins()
 .text.HAL_SAI_MspInit
                0x080047a0      0x164 ../../DaisyExamples/libdaisy/build\libdaisy.a(sai.o)
                0x080047a0                HAL_SAI_MspInit
 .text.DMA1_Stream0_IRQHandler
                0x08004904        0xc ../../DaisyExamples/libdaisy/build\libdaisy.a(sai.o)
                0x08004904                DMA1_Stream0_IRQHandler
 .text.DMA1_Stream1_IRQHandler
                0x08004910        0xc ../../DaisyExamples/libdaisy/build\libdaisy.a(sai.o)
                0x08004910                DMA1_Stream1_IRQHandler
 .text.DMA1_Stream3_IRQHandler
                0x0800491c        0xc ../../DaisyExamples/libdaisy/build\libdaisy.a(sai.o)
                0x0800491c                DMA1_Stream3_IRQHandler
 .text.DMA1_Stream4_IRQHandler
                0x08004928        0xc ../../DaisyExamples/libdaisy/build\libdaisy.a(sai.o)
                0x08004928                DMA1_Stream4_IRQHandler
 .text.HAL_SAI_RxHalfCpltCallback
                0x08004934       0x78 ../../DaisyExamples/libdaisy/build\libdaisy.a(sai.o)
                0x08004934                HAL_SAI_RxHalfCpltCallback
 .text.HAL_SAI_RxCpltCallback
                0x080049ac       0x70 ../../DaisyExamples/libdaisy/build\libdaisy.a(sai.o)
                0x080049ac                HAL_SAI_RxCpltCallback
 *fill*         0x08004a1c        0x4 
 .text._ZN5daisy9SaiHandle4InitERKNS0_6ConfigE
                0x08004a20      0x1f0 ../../DaisyExamples/libdaisy/build\libdaisy.a(sai.o)
                0x08004a20                daisy::SaiHandle::Init(daisy::SaiHandle::Config const&)
 .text._ZNK5daisy9SaiHandle9GetConfigEv
                0x08004c10        0x4 ../../DaisyExamples/libdaisy/build\libdaisy.a(sai.o)
                0x08004c10                daisy::SaiHandle::GetConfig() const
 .text._ZN5daisy9SaiHandle8StartDmaEPlS1_jPFvS1_S1_jE
                0x08004c14       0x68 ../../DaisyExamples/libdaisy/build\libdaisy.a(sai.o)
                0x08004c14                daisy::SaiHandle::StartDma(long*, long*, unsigned int, void (*)(long*, long*, unsigned int))
 .text._ZN5daisy9SaiHandle13GetSampleRateEv
                0x08004c7c       0x24 ../../DaisyExamples/libdaisy/build\libdaisy.a(sai.o)
                0x08004c7c                daisy::SaiHandle::GetSampleRate()
 .text._ZNK5daisy9SaiHandle9GetOffsetEv
                0x08004ca0        0x8 ../../DaisyExamples/libdaisy/build\libdaisy.a(sai.o)
                0x08004ca0                daisy::SaiHandle::GetOffset() const
 .text._ZN5daisy11TimerHandleD2Ev
                0x08004ca8        0x4 ../../DaisyExamples/libdaisy/build\libdaisy.a(system.o)
                0x08004ca8                daisy::TimerHandle::~TimerHandle()
                0x08004ca8                daisy::TimerHandle::~TimerHandle()
 .text.SysTick_Handler
                0x08004cac       0x10 ../../DaisyExamples/libdaisy/build\libdaisy.a(system.o)
                0x08004cac                SysTick_Handler
 .text.HardFault_Handler
                0x08004cbc        0x4 ../../DaisyExamples/libdaisy/build\libdaisy.a(system.o)
                0x08004cbc                HardFault_Handler
 .text._ZN5daisy6System5DelayEm
                0x08004cc0        0x4 ../../DaisyExamples/libdaisy/build\libdaisy.a(system.o)
                0x08004cc0                daisy::System::Delay(unsigned long)
 .text._ZN5daisy6System15ConfigureClocksEv
                0x08004cc4      0x194 ../../DaisyExamples/libdaisy/build\libdaisy.a(system.o)
                0x08004cc4                daisy::System::ConfigureClocks()
 .text._ZN5daisy6System4InitERKNS0_6ConfigE
                0x08004e58      0x11c ../../DaisyExamples/libdaisy/build\libdaisy.a(system.o)
                0x08004e58                daisy::System::Init(daisy::System::Config const&)
 .text._ZN5daisy6System12GetPClk1FreqEv
                0x08004f74        0x4 ../../DaisyExamples/libdaisy/build\libdaisy.a(system.o)
                0x08004f74                daisy::System::GetPClk1Freq()
 .text.startup._GLOBAL__sub_I_SysTick_Handler
                0x08004f78       0x1c ../../DaisyExamples/libdaisy/build\libdaisy.a(system.o)
 .text.SystemInit
                0x08004f94       0x84 ../../DaisyExamples/libdaisy/build\libdaisy.a(system_stm32h7xx.o)
                0x08004f94                SystemInit
 .text.dsy_hal_map_get_port
                0x08005018       0x10 ../../DaisyExamples/libdaisy/build\libdaisy.a(hal_map.o)
                0x08005018                dsy_hal_map_get_port
 .text.dsy_hal_map_get_pin
                0x08005028       0x10 ../../DaisyExamples/libdaisy/build\libdaisy.a(hal_map.o)
                0x08005028                dsy_hal_map_get_pin
 .text.HAL_MspInit
                0x08005038        0x4 ../../DaisyExamples/libdaisy/build\libdaisy.a(stm32h7xx_hal.o)
                0x08005038                HAL_MspInit
 .text.HAL_InitTick
                0x0800503c       0x4c ../../DaisyExamples/libdaisy/build\libdaisy.a(stm32h7xx_hal.o)
                0x0800503c                HAL_InitTick
 .text.HAL_Init
                0x08005088       0x60 ../../DaisyExamples/libdaisy/build\libdaisy.a(stm32h7xx_hal.o)
                0x08005088                HAL_Init
 .text.HAL_IncTick
                0x080050e8       0x18 ../../DaisyExamples/libdaisy/build\libdaisy.a(stm32h7xx_hal.o)
                0x080050e8                HAL_IncTick
 .text.HAL_GetTick
                0x08005100        0xc ../../DaisyExamples/libdaisy/build\libdaisy.a(stm32h7xx_hal.o)
                0x08005100                HAL_GetTick
 .text.HAL_Delay
                0x0800510c       0x24 ../../DaisyExamples/libdaisy/build\libdaisy.a(stm32h7xx_hal.o)
                0x0800510c                HAL_Delay
 .text.HAL_GetREVID
                0x08005130        0xc ../../DaisyExamples/libdaisy/build\libdaisy.a(stm32h7xx_hal.o)
                0x08005130                HAL_GetREVID
 .text.HAL_ADC_ConvHalfCpltCallback
                0x0800513c        0x4 ../../DaisyExamples/libdaisy/build\libdaisy.a(stm32h7xx_hal_adc.o)
                0x0800513c                HAL_ADC_ConvHalfCpltCallback
 .text.ADC_DMAHalfConvCplt
                0x08005140        0xc ../../DaisyExamples/libdaisy/build\libdaisy.a(stm32h7xx_hal_adc.o)
                0x08005140                ADC_DMAHalfConvCplt
 .text.ADC_DMAConvCplt
                0x0800514c       0x6c ../../DaisyExamples/libdaisy/build\libdaisy.a(stm32h7xx_hal_adc.o)
                0x0800514c                ADC_DMAConvCplt
 .text.ADC_DMAError
                0x080051b8       0x1c ../../DaisyExamples/libdaisy/build\libdaisy.a(stm32h7xx_hal_adc.o)
                0x080051b8                ADC_DMAError
 .text.HAL_ADC_ConfigChannel
                0x080051d4      0x3fc ../../DaisyExamples/libdaisy/build\libdaisy.a(stm32h7xx_hal_adc.o)
                0x080051d4                HAL_ADC_ConfigChannel
 .text.ADC_Enable
                0x080055d0       0xac ../../DaisyExamples/libdaisy/build\libdaisy.a(stm32h7xx_hal_adc.o)
                0x080055d0                ADC_Enable
 .text.HAL_ADC_Start_DMA
                0x0800567c      0x114 ../../DaisyExamples/libdaisy/build\libdaisy.a(stm32h7xx_hal_adc.o)
                0x0800567c                HAL_ADC_Start_DMA
 .text.ADC_Disable
                0x08005790       0x68 ../../DaisyExamples/libdaisy/build\libdaisy.a(stm32h7xx_hal_adc.o)
                0x08005790                ADC_Disable
 .text.ADC_ConfigureBoostMode
                0x080057f8      0x184 ../../DaisyExamples/libdaisy/build\libdaisy.a(stm32h7xx_hal_adc.o)
                0x080057f8                ADC_ConfigureBoostMode
 .text.HAL_ADC_Init
                0x0800597c      0x218 ../../DaisyExamples/libdaisy/build\libdaisy.a(stm32h7xx_hal_adc.o)
                0x0800597c                HAL_ADC_Init
 .text.HAL_ADCEx_Calibration_Start
                0x08005b94       0xa4 ../../DaisyExamples/libdaisy/build\libdaisy.a(stm32h7xx_hal_adc_ex.o)
                0x08005b94                HAL_ADCEx_Calibration_Start
 .text.HAL_ADCEx_MultiModeConfigChannel
                0x08005c38       0xc4 ../../DaisyExamples/libdaisy/build\libdaisy.a(stm32h7xx_hal_adc_ex.o)
                0x08005c38                HAL_ADCEx_MultiModeConfigChannel
 .text.HAL_NVIC_SetPriorityGrouping
                0x08005cfc       0x24 ../../DaisyExamples/libdaisy/build\libdaisy.a(stm32h7xx_hal_cortex.o)
                0x08005cfc                HAL_NVIC_SetPriorityGrouping
 .text.HAL_NVIC_SetPriority
                0x08005d20       0x7c ../../DaisyExamples/libdaisy/build\libdaisy.a(stm32h7xx_hal_cortex.o)
                0x08005d20                HAL_NVIC_SetPriority
 .text.HAL_NVIC_EnableIRQ
                0x08005d9c       0x1c ../../DaisyExamples/libdaisy/build\libdaisy.a(stm32h7xx_hal_cortex.o)
                0x08005d9c                HAL_NVIC_EnableIRQ
 .text.HAL_NVIC_DisableIRQ
                0x08005db8       0x28 ../../DaisyExamples/libdaisy/build\libdaisy.a(stm32h7xx_hal_cortex.o)
                0x08005db8                HAL_NVIC_DisableIRQ
 .text.HAL_SYSTICK_Config
                0x08005de0       0x2c ../../DaisyExamples/libdaisy/build\libdaisy.a(stm32h7xx_hal_cortex.o)
                0x08005de0                HAL_SYSTICK_Config
 .text.HAL_MPU_Disable
                0x08005e0c       0x1c ../../DaisyExamples/libdaisy/build\libdaisy.a(stm32h7xx_hal_cortex.o)
                0x08005e0c                HAL_MPU_Disable
 .text.HAL_MPU_Enable
                0x08005e28       0x20 ../../DaisyExamples/libdaisy/build\libdaisy.a(stm32h7xx_hal_cortex.o)
                0x08005e28                HAL_MPU_Enable
 .text.HAL_MPU_ConfigRegion
                0x08005e48       0x64 ../../DaisyExamples/libdaisy/build\libdaisy.a(stm32h7xx_hal_cortex.o)
                0x08005e48                HAL_MPU_ConfigRegion
 .text.HAL_SYSTICK_Callback
                0x08005eac        0x4 ../../DaisyExamples/libdaisy/build\libdaisy.a(stm32h7xx_hal_cortex.o)
                0x08005eac                HAL_SYSTICK_Callback
 .text.HAL_SYSTICK_IRQHandler
                0x08005eb0        0x8 ../../DaisyExamples/libdaisy/build\libdaisy.a(stm32h7xx_hal_cortex.o)
                0x08005eb0                HAL_SYSTICK_IRQHandler
 .text.DMA_CalcBaseAndBitshift
                0x08005eb8       0xf4 ../../DaisyExamples/libdaisy/build\libdaisy.a(stm32h7xx_hal_dma.o)
 .text.DMA_CalcDMAMUXChannelBaseAndMask
                0x08005fac       0xd8 ../../DaisyExamples/libdaisy/build\libdaisy.a(stm32h7xx_hal_dma.o)
 .text.HAL_DMA_Init
                0x08006084      0x37c ../../DaisyExamples/libdaisy/build\libdaisy.a(stm32h7xx_hal_dma.o)
                0x08006084                HAL_DMA_Init
 .text.HAL_DMA_Start_IT
                0x08006400      0x240 ../../DaisyExamples/libdaisy/build\libdaisy.a(stm32h7xx_hal_dma.o)
                0x08006400                HAL_DMA_Start_IT
 .text.HAL_DMA_Abort_IT
                0x08006640      0x134 ../../DaisyExamples/libdaisy/build\libdaisy.a(stm32h7xx_hal_dma.o)
                0x08006640                HAL_DMA_Abort_IT
 .text.HAL_DMA_IRQHandler
                0x08006774      0x6a0 ../../DaisyExamples/libdaisy/build\libdaisy.a(stm32h7xx_hal_dma.o)
                0x08006774                HAL_DMA_IRQHandler
 .text.HAL_DMA_GetError
                0x08006e14        0x4 ../../DaisyExamples/libdaisy/build\libdaisy.a(stm32h7xx_hal_dma.o)
                0x08006e14                HAL_DMA_GetError
 .text.HAL_GPIO_Init
                0x08006e18      0x280 ../../DaisyExamples/libdaisy/build\libdaisy.a(stm32h7xx_hal_gpio.o)
                0x08006e18                HAL_GPIO_Init
 .text.HAL_GPIO_DeInit
                0x08007098      0x190 ../../DaisyExamples/libdaisy/build\libdaisy.a(stm32h7xx_hal_gpio.o)
                0x08007098                HAL_GPIO_DeInit
 .text.HAL_GPIO_ReadPin
                0x08007228        0xc ../../DaisyExamples/libdaisy/build\libdaisy.a(stm32h7xx_hal_gpio.o)
                0x08007228                HAL_GPIO_ReadPin
 .text.HAL_GPIO_WritePin
                0x08007234        0x8 ../../DaisyExamples/libdaisy/build\libdaisy.a(stm32h7xx_hal_gpio.o)
                0x08007234                HAL_GPIO_WritePin
 .text.I2C_WaitOnTXISFlagUntilTimeout
                0x0800723c       0xb8 ../../DaisyExamples/libdaisy/build\libdaisy.a(stm32h7xx_hal_i2c.o)
 .text.I2C_WaitOnSTOPFlagUntilTimeout
                0x080072f4       0xac ../../DaisyExamples/libdaisy/build\libdaisy.a(stm32h7xx_hal_i2c.o)
 .text.HAL_I2C_Init
                0x080073a0       0xac ../../DaisyExamples/libdaisy/build\libdaisy.a(stm32h7xx_hal_i2c.o)
                0x080073a0                HAL_I2C_Init
 .text.HAL_I2C_Master_Transmit
                0x0800744c      0x1a8 ../../DaisyExamples/libdaisy/build\libdaisy.a(stm32h7xx_hal_i2c.o)
                0x0800744c                HAL_I2C_Master_Transmit
 .text.HAL_I2C_Slave_Transmit
                0x080075f4      0x1c8 ../../DaisyExamples/libdaisy/build\libdaisy.a(stm32h7xx_hal_i2c.o)
                0x080075f4                HAL_I2C_Slave_Transmit
 .text.HAL_I2C_Master_Transmit_DMA
                0x080077bc      0x174 ../../DaisyExamples/libdaisy/build\libdaisy.a(stm32h7xx_hal_i2c.o)
                0x080077bc                HAL_I2C_Master_Transmit_DMA
 .text.HAL_I2C_Master_Receive_DMA
                0x08007930      0x170 ../../DaisyExamples/libdaisy/build\libdaisy.a(stm32h7xx_hal_i2c.o)
                0x08007930                HAL_I2C_Master_Receive_DMA
 .text.HAL_I2C_Slave_Transmit_DMA
                0x08007aa0       0xd8 ../../DaisyExamples/libdaisy/build\libdaisy.a(stm32h7xx_hal_i2c.o)
                0x08007aa0                HAL_I2C_Slave_Transmit_DMA
 .text.HAL_I2C_Slave_Receive_DMA
                0x08007b78       0xdc ../../DaisyExamples/libdaisy/build\libdaisy.a(stm32h7xx_hal_i2c.o)
                0x08007b78                HAL_I2C_Slave_Receive_DMA
 .text.HAL_I2C_EV_IRQHandler
                0x08007c54       0x10 ../../DaisyExamples/libdaisy/build\libdaisy.a(stm32h7xx_hal_i2c.o)
                0x08007c54                HAL_I2C_EV_IRQHandler
 .text.I2C_DMASlaveTransmitCplt
                0x08007c64       0x90 ../../DaisyExamples/libdaisy/build\libdaisy.a(stm32h7xx_hal_i2c.o)
 .text.I2C_DMASlaveReceiveCplt
                0x08007cf4       0x94 ../../DaisyExamples/libdaisy/build\libdaisy.a(stm32h7xx_hal_i2c.o)
 .text.HAL_I2C_AddrCallback
                0x08007d88        0x4 ../../DaisyExamples/libdaisy/build\libdaisy.a(stm32h7xx_hal_i2c.o)
                0x08007d88                HAL_I2C_AddrCallback
 .text.I2C_ITAddrCplt.part.0
                0x08007d8c       0x64 ../../DaisyExamples/libdaisy/build\libdaisy.a(stm32h7xx_hal_i2c.o)
 .text.HAL_I2C_ListenCpltCallback
                0x08007df0        0x4 ../../DaisyExamples/libdaisy/build\libdaisy.a(stm32h7xx_hal_i2c.o)
                0x08007df0                HAL_I2C_ListenCpltCallback
 .text.HAL_I2C_MemTxCpltCallback
                0x08007df4        0x4 ../../DaisyExamples/libdaisy/build\libdaisy.a(stm32h7xx_hal_i2c.o)
                0x08007df4                HAL_I2C_MemTxCpltCallback
 .text.HAL_I2C_MemRxCpltCallback
                0x08007df8        0x4 ../../DaisyExamples/libdaisy/build\libdaisy.a(stm32h7xx_hal_i2c.o)
                0x08007df8                HAL_I2C_MemRxCpltCallback
 .text.HAL_I2C_AbortCpltCallback
                0x08007dfc        0x4 ../../DaisyExamples/libdaisy/build\libdaisy.a(stm32h7xx_hal_i2c.o)
                0x08007dfc                HAL_I2C_AbortCpltCallback
 .text.I2C_ITError
                0x08007e00      0x114 ../../DaisyExamples/libdaisy/build\libdaisy.a(stm32h7xx_hal_i2c.o)
 .text.I2C_ITSlaveCplt
                0x08007f14      0x1d8 ../../DaisyExamples/libdaisy/build\libdaisy.a(stm32h7xx_hal_i2c.o)
 .text.I2C_Slave_ISR_IT
                0x080080ec      0x324 ../../DaisyExamples/libdaisy/build\libdaisy.a(stm32h7xx_hal_i2c.o)
 .text.I2C_ITMasterCplt
                0x08008410       0xe8 ../../DaisyExamples/libdaisy/build\libdaisy.a(stm32h7xx_hal_i2c.o)
 .text.I2C_Master_ISR_IT
                0x080084f8      0x1f4 ../../DaisyExamples/libdaisy/build\libdaisy.a(stm32h7xx_hal_i2c.o)
 .text.I2C_Slave_ISR_DMA
                0x080086ec      0x1e4 ../../DaisyExamples/libdaisy/build\libdaisy.a(stm32h7xx_hal_i2c.o)
 .text.I2C_Master_ISR_DMA
                0x080088d0      0x22c ../../DaisyExamples/libdaisy/build\libdaisy.a(stm32h7xx_hal_i2c.o)
 .text.I2C_DMAError
                0x08008afc       0x48 ../../DaisyExamples/libdaisy/build\libdaisy.a(stm32h7xx_hal_i2c.o)
 .text.I2C_DMAMasterTransmitCplt
                0x08008b44       0x90 ../../DaisyExamples/libdaisy/build\libdaisy.a(stm32h7xx_hal_i2c.o)
 .text.I2C_DMAMasterReceiveCplt
                0x08008bd4       0x8c ../../DaisyExamples/libdaisy/build\libdaisy.a(stm32h7xx_hal_i2c.o)
 .text.I2C_DMAAbort
                0x08008c60       0x28 ../../DaisyExamples/libdaisy/build\libdaisy.a(stm32h7xx_hal_i2c.o)
 .text.HAL_I2C_GetState
                0x08008c88        0x8 ../../DaisyExamples/libdaisy/build\libdaisy.a(stm32h7xx_hal_i2c.o)
                0x08008c88                HAL_I2C_GetState
 .text.HAL_I2CEx_ConfigAnalogFilter
                0x08008c90       0x54 ../../DaisyExamples/libdaisy/build\libdaisy.a(stm32h7xx_hal_i2c_ex.o)
                0x08008c90                HAL_I2CEx_ConfigAnalogFilter
 .text.HAL_I2CEx_ConfigDigitalFilter
                0x08008ce4       0x58 ../../DaisyExamples/libdaisy/build\libdaisy.a(stm32h7xx_hal_i2c_ex.o)
                0x08008ce4                HAL_I2CEx_ConfigDigitalFilter
 .text.HAL_PWREx_ConfigSupply
                0x08008d3c       0x4c ../../DaisyExamples/libdaisy/build\libdaisy.a(stm32h7xx_hal_pwr_ex.o)
                0x08008d3c                HAL_PWREx_ConfigSupply
 .text.HAL_PWREx_EnableUSBVoltageDetector
                0x08008d88       0x10 ../../DaisyExamples/libdaisy/build\libdaisy.a(stm32h7xx_hal_pwr_ex.o)
                0x08008d88                HAL_PWREx_EnableUSBVoltageDetector
 .text.QSPI_Config
                0x08008d98      0x174 ../../DaisyExamples/libdaisy/build\libdaisy.a(stm32h7xx_hal_qspi.o)
 .text.HAL_QSPI_Init
                0x08008f0c       0xd8 ../../DaisyExamples/libdaisy/build\libdaisy.a(stm32h7xx_hal_qspi.o)
                0x08008f0c                HAL_QSPI_Init
 .text.HAL_QSPI_DeInit
                0x08008fe4       0x3c ../../DaisyExamples/libdaisy/build\libdaisy.a(stm32h7xx_hal_qspi.o)
                0x08008fe4                HAL_QSPI_DeInit
 .text.HAL_QSPI_Command
                0x08009020       0xd4 ../../DaisyExamples/libdaisy/build\libdaisy.a(stm32h7xx_hal_qspi.o)
                0x08009020                HAL_QSPI_Command
 .text.HAL_QSPI_Transmit
                0x080090f4       0xfc ../../DaisyExamples/libdaisy/build\libdaisy.a(stm32h7xx_hal_qspi.o)
                0x080090f4                HAL_QSPI_Transmit
 .text.HAL_QSPI_Receive
                0x080091f0      0x108 ../../DaisyExamples/libdaisy/build\libdaisy.a(stm32h7xx_hal_qspi.o)
                0x080091f0                HAL_QSPI_Receive
 .text.HAL_QSPI_AutoPolling
                0x080092f8       0xf0 ../../DaisyExamples/libdaisy/build\libdaisy.a(stm32h7xx_hal_qspi.o)
                0x080092f8                HAL_QSPI_AutoPolling
 .text.HAL_QSPI_MemoryMapped
                0x080093e8       0xc0 ../../DaisyExamples/libdaisy/build\libdaisy.a(stm32h7xx_hal_qspi.o)
                0x080093e8                HAL_QSPI_MemoryMapped
 .text.HAL_QSPI_ErrorCallback
                0x080094a8        0x4 ../../DaisyExamples/libdaisy/build\libdaisy.a(stm32h7xx_hal_qspi.o)
                0x080094a8                HAL_QSPI_ErrorCallback
 .text.QSPI_DMAAbortCplt
                0x080094ac       0x38 ../../DaisyExamples/libdaisy/build\libdaisy.a(stm32h7xx_hal_qspi.o)
 .text.HAL_QSPI_AbortCpltCallback
                0x080094e4        0x4 ../../DaisyExamples/libdaisy/build\libdaisy.a(stm32h7xx_hal_qspi.o)
                0x080094e4                HAL_QSPI_AbortCpltCallback
 .text.HAL_QSPI_CmdCpltCallback
                0x080094e8        0x4 ../../DaisyExamples/libdaisy/build\libdaisy.a(stm32h7xx_hal_qspi.o)
                0x080094e8                HAL_QSPI_CmdCpltCallback
 .text.HAL_QSPI_RxCpltCallback
                0x080094ec        0x4 ../../DaisyExamples/libdaisy/build\libdaisy.a(stm32h7xx_hal_qspi.o)
                0x080094ec                HAL_QSPI_RxCpltCallback
 .text.HAL_QSPI_TxCpltCallback
                0x080094f0        0x4 ../../DaisyExamples/libdaisy/build\libdaisy.a(stm32h7xx_hal_qspi.o)
                0x080094f0                HAL_QSPI_TxCpltCallback
 .text.HAL_QSPI_FifoThresholdCallback
                0x080094f4        0x4 ../../DaisyExamples/libdaisy/build\libdaisy.a(stm32h7xx_hal_qspi.o)
                0x080094f4                HAL_QSPI_FifoThresholdCallback
 .text.HAL_QSPI_StatusMatchCallback
                0x080094f8        0x4 ../../DaisyExamples/libdaisy/build\libdaisy.a(stm32h7xx_hal_qspi.o)
                0x080094f8                HAL_QSPI_StatusMatchCallback
 .text.HAL_QSPI_TimeOutCallback
                0x080094fc        0x4 ../../DaisyExamples/libdaisy/build\libdaisy.a(stm32h7xx_hal_qspi.o)
                0x080094fc                HAL_QSPI_TimeOutCallback
 .text.HAL_QSPI_IRQHandler
                0x08009500      0x210 ../../DaisyExamples/libdaisy/build\libdaisy.a(stm32h7xx_hal_qspi.o)
                0x08009500                HAL_QSPI_IRQHandler
 .text.HAL_RCC_OscConfig
                0x08009710      0x51c ../../DaisyExamples/libdaisy/build\libdaisy.a(stm32h7xx_hal_rcc.o)
                0x08009710                HAL_RCC_OscConfig
 .text.HAL_RCC_GetSysClockFreq
                0x08009c2c      0x140 ../../DaisyExamples/libdaisy/build\libdaisy.a(stm32h7xx_hal_rcc.o)
                0x08009c2c                HAL_RCC_GetSysClockFreq
 .text.HAL_RCC_ClockConfig
                0x08009d6c      0x234 ../../DaisyExamples/libdaisy/build\libdaisy.a(stm32h7xx_hal_rcc.o)
                0x08009d6c                HAL_RCC_ClockConfig
 .text.HAL_RCC_GetHCLKFreq
                0x08009fa0       0x2c ../../DaisyExamples/libdaisy/build\libdaisy.a(stm32h7xx_hal_rcc.o)
                0x08009fa0                HAL_RCC_GetHCLKFreq
 .text.HAL_RCC_GetPCLK1Freq
                0x08009fcc       0x38 ../../DaisyExamples/libdaisy/build\libdaisy.a(stm32h7xx_hal_rcc.o)
                0x08009fcc                HAL_RCC_GetPCLK1Freq
 .text.RCCEx_PLL2_Config
                0x0800a004       0xf4 ../../DaisyExamples/libdaisy/build\libdaisy.a(stm32h7xx_hal_rcc_ex.o)
 .text.RCCEx_PLL3_Config
                0x0800a0f8       0xf4 ../../DaisyExamples/libdaisy/build\libdaisy.a(stm32h7xx_hal_rcc_ex.o)
 .text.HAL_RCCEx_PeriphCLKConfig
                0x0800a1ec      0xa7c ../../DaisyExamples/libdaisy/build\libdaisy.a(stm32h7xx_hal_rcc_ex.o)
                0x0800a1ec                HAL_RCCEx_PeriphCLKConfig
 .text.HAL_RCCEx_GetPLL2ClockFreq
                0x0800ac68      0x17c ../../DaisyExamples/libdaisy/build\libdaisy.a(stm32h7xx_hal_rcc_ex.o)
                0x0800ac68                HAL_RCCEx_GetPLL2ClockFreq
 .text.HAL_RCCEx_GetPLL3ClockFreq
                0x0800ade4      0x17c ../../DaisyExamples/libdaisy/build\libdaisy.a(stm32h7xx_hal_rcc_ex.o)
                0x0800ade4                HAL_RCCEx_GetPLL3ClockFreq
 .text.HAL_RCCEx_GetPLL1ClockFreq
                0x0800af60      0x17c ../../DaisyExamples/libdaisy/build\libdaisy.a(stm32h7xx_hal_rcc_ex.o)
                0x0800af60                HAL_RCCEx_GetPLL1ClockFreq
 .text.HAL_RCCEx_GetPeriphCLKFreq
                0x0800b0dc      0x198 ../../DaisyExamples/libdaisy/build\libdaisy.a(stm32h7xx_hal_rcc_ex.o)
                0x0800b0dc                HAL_RCCEx_GetPeriphCLKFreq
 .text.HAL_RCCEx_GetD1SysClockFreq
                0x0800b274       0x2c ../../DaisyExamples/libdaisy/build\libdaisy.a(stm32h7xx_hal_rcc_ex.o)
                0x0800b274                HAL_RCCEx_GetD1SysClockFreq
 .text.HAL_SAI_Init.part.0
                0x0800b2a0      0x348 ../../DaisyExamples/libdaisy/build\libdaisy.a(stm32h7xx_hal_sai.o)
 .text.HAL_SAI_InitProtocol
                0x0800b5e8      0x178 ../../DaisyExamples/libdaisy/build\libdaisy.a(stm32h7xx_hal_sai.o)
                0x0800b5e8                HAL_SAI_InitProtocol
 .text.HAL_SAI_Transmit_DMA
                0x0800b760      0x124 ../../DaisyExamples/libdaisy/build\libdaisy.a(stm32h7xx_hal_sai.o)
                0x0800b760                HAL_SAI_Transmit_DMA
 .text.HAL_SAI_Receive_DMA
                0x0800b884       0xd0 ../../DaisyExamples/libdaisy/build\libdaisy.a(stm32h7xx_hal_sai.o)
                0x0800b884                HAL_SAI_Receive_DMA
 .text.HAL_SAI_TxCpltCallback
                0x0800b954        0x4 ../../DaisyExamples/libdaisy/build\libdaisy.a(stm32h7xx_hal_sai.o)
                0x0800b954                HAL_SAI_TxCpltCallback
 .text.SAI_DMATxCplt
                0x0800b958       0x64 ../../DaisyExamples/libdaisy/build\libdaisy.a(stm32h7xx_hal_sai.o)
 .text.HAL_SAI_TxHalfCpltCallback
                0x0800b9bc        0x4 ../../DaisyExamples/libdaisy/build\libdaisy.a(stm32h7xx_hal_sai.o)
                0x0800b9bc                HAL_SAI_TxHalfCpltCallback
 .text.SAI_DMATxHalfCplt
                0x0800b9c0        0xc ../../DaisyExamples/libdaisy/build\libdaisy.a(stm32h7xx_hal_sai.o)
 .text.SAI_DMARxCplt
                0x0800b9cc       0x64 ../../DaisyExamples/libdaisy/build\libdaisy.a(stm32h7xx_hal_sai.o)
 .text.SAI_DMARxHalfCplt
                0x0800ba30        0xc ../../DaisyExamples/libdaisy/build\libdaisy.a(stm32h7xx_hal_sai.o)
 .text.HAL_SAI_ErrorCallback
                0x0800ba3c        0x4 ../../DaisyExamples/libdaisy/build\libdaisy.a(stm32h7xx_hal_sai.o)
                0x0800ba3c                HAL_SAI_ErrorCallback
 .text.SAI_DMAError
                0x0800ba40       0x6c ../../DaisyExamples/libdaisy/build\libdaisy.a(stm32h7xx_hal_sai.o)
 .text.HAL_SDRAM_Init
                0x0800baac       0x54 ../../DaisyExamples/libdaisy/build\libdaisy.a(stm32h7xx_hal_sdram.o)
                0x0800baac                HAL_SDRAM_Init
 .text.HAL_SDRAM_SendCommand
                0x0800bb00       0x40 ../../DaisyExamples/libdaisy/build\libdaisy.a(stm32h7xx_hal_sdram.o)
                0x0800bb00                HAL_SDRAM_SendCommand
 .text.HAL_SDRAM_ProgramRefreshRate
                0x0800bb40       0x30 ../../DaisyExamples/libdaisy/build\libdaisy.a(stm32h7xx_hal_sdram.o)
                0x0800bb40                HAL_SDRAM_ProgramRefreshRate
 .text.FMC_SDRAM_Init
                0x0800bb70       0x7c ../../DaisyExamples/libdaisy/build\libdaisy.a(stm32h7xx_ll_fmc.o)
                0x0800bb70                FMC_SDRAM_Init
 .text.FMC_SDRAM_Timing_Init
                0x0800bbec       0x98 ../../DaisyExamples/libdaisy/build\libdaisy.a(stm32h7xx_ll_fmc.o)
                0x0800bbec                FMC_SDRAM_Timing_Init
 .text.FMC_SDRAM_SendCommand
                0x0800bc84       0x28 ../../DaisyExamples/libdaisy/build\libdaisy.a(stm32h7xx_ll_fmc.o)
                0x0800bc84                FMC_SDRAM_SendCommand
 .text.FMC_SDRAM_ProgramRefreshRate
                0x0800bcac       0x1c ../../DaisyExamples/libdaisy/build\libdaisy.a(stm32h7xx_ll_fmc.o)
                0x0800bcac                FMC_SDRAM_ProgramRefreshRate
 .text.HAL_TIM_Base_MspInit
                0x0800bcc8       0xcc ../../DaisyExamples/libdaisy/build\libdaisy.a(tim.o)
                0x0800bcc8                HAL_TIM_Base_MspInit
 .text._ZN5daisy11TimerHandle4InitERKNS0_6ConfigE
                0x0800bd94       0xc4 ../../DaisyExamples/libdaisy/build\libdaisy.a(tim.o)
                0x0800bd94                daisy::TimerHandle::Init(daisy::TimerHandle::Config const&)
 .text._ZN5daisy11TimerHandle5StartEv
                0x0800be58       0x14 ../../DaisyExamples/libdaisy/build\libdaisy.a(tim.o)
                0x0800be58                daisy::TimerHandle::Start()
 .text.dsy_dma_init
                0x0800be6c       0xd0 ../../DaisyExamples/libdaisy/build\libdaisy.a(dma.o)
                0x0800be6c                dsy_dma_init
 .text.HAL_MDMA_Abort_IT
                0x0800bf3c       0x2c ../../DaisyExamples/libdaisy/build\libdaisy.a(stm32h7xx_hal_mdma.o)
                0x0800bf3c                HAL_MDMA_Abort_IT
 .text.HAL_TIM_Base_Init
                0x0800bf68      0x140 ../../DaisyExamples/libdaisy/build\libdaisy.a(stm32h7xx_hal_tim.o)
                0x0800bf68                HAL_TIM_Base_Init
 .text.HAL_TIM_Base_Start
                0x0800c0a8       0x34 ../../DaisyExamples/libdaisy/build\libdaisy.a(stm32h7xx_hal_tim.o)
                0x0800c0a8                HAL_TIM_Base_Start
 .text.HAL_TIM_ConfigClockSource
                0x0800c0dc      0x17c ../../DaisyExamples/libdaisy/build\libdaisy.a(stm32h7xx_hal_tim.o)
                0x0800c0dc                HAL_TIM_ConfigClockSource
 .text.HAL_TIMEx_MasterConfigSynchronization
                0x0800c258       0x64 ../../DaisyExamples/libdaisy/build\libdaisy.a(stm32h7xx_hal_tim_ex.o)
                0x0800c258                HAL_TIMEx_MasterConfigSynchronization
 .text.__aeabi_atexit
                0x0800c2bc        0xa c:/users/daniel schwartz/documents/daisytoolchain-0.3.1/windows/bin/../lib/gcc/arm-none-eabi/10.2.1/../../../../arm-none-eabi/lib/thumb/v7e-m+dp/hard\libstdc++_nano.a(atexit_arm.o)
                0x0800c2bc                __aeabi_atexit
 *fill*         0x0800c2c6        0x2 
 .text.sinf     0x0800c2c8      0x20c c:/users/daniel schwartz/documents/daisytoolchain-0.3.1/windows/bin/../lib/gcc/arm-none-eabi/10.2.1/../../../../arm-none-eabi/lib/thumb/v7e-m+dp/hard\libm.a(lib_a-sinf.o)
                0x0800c2c8                sinf
 .text.asinf    0x0800c4d4       0x68 c:/users/daniel schwartz/documents/daisytoolchain-0.3.1/windows/bin/../lib/gcc/arm-none-eabi/10.2.1/../../../../arm-none-eabi/lib/thumb/v7e-m+dp/hard\libm.a(lib_a-wf_asin.o)
                0x0800c4d4                asinf
 .text.__ieee754_asinf
                0x0800c53c      0x20c c:/users/daniel schwartz/documents/daisytoolchain-0.3.1/windows/bin/../lib/gcc/arm-none-eabi/10.2.1/../../../../arm-none-eabi/lib/thumb/v7e-m+dp/hard\libm.a(lib_a-ef_asin.o)
                0x0800c53c                __ieee754_asinf
 .text.__ieee754_sqrtf
                0x0800c748        0x8 c:/users/daniel schwartz/documents/daisytoolchain-0.3.1/windows/bin/../lib/gcc/arm-none-eabi/10.2.1/../../../../arm-none-eabi/lib/thumb/v7e-m+dp/hard\libm.a(lib_a-ef_sqrt.o)
                0x0800c748                __ieee754_sqrtf
 .text.with_errnof
                0x0800c750       0x18 c:/users/daniel schwartz/documents/daisytoolchain-0.3.1/windows/bin/../lib/gcc/arm-none-eabi/10.2.1/../../../../arm-none-eabi/lib/thumb/v7e-m+dp/hard\libm.a(lib_a-math_errf.o)
 .text.__math_invalidf
                0x0800c768       0x20 c:/users/daniel schwartz/documents/daisytoolchain-0.3.1/windows/bin/../lib/gcc/arm-none-eabi/10.2.1/../../../../arm-none-eabi/lib/thumb/v7e-m+dp/hard\libm.a(lib_a-math_errf.o)
                0x0800c768                __math_invalidf
 .text.fabsf    0x0800c788       0x10 c:/users/daniel schwartz/documents/daisytoolchain-0.3.1/windows/bin/../lib/gcc/arm-none-eabi/10.2.1/../../../../arm-none-eabi/lib/thumb/v7e-m+dp/hard\libm.a(lib_a-sf_fabs.o)
                0x0800c788                fabsf
 .text.nanf     0x0800c798        0xc c:/users/daniel schwartz/documents/daisytoolchain-0.3.1/windows/bin/../lib/gcc/arm-none-eabi/10.2.1/../../../../arm-none-eabi/lib/thumb/v7e-m+dp/hard\libm.a(lib_a-sf_nan.o)
                0x0800c798                nanf
 .text.__cxa_atexit
                0x0800c7a4       0x1c c:/users/daniel schwartz/documents/daisytoolchain-0.3.1/windows/bin/../lib/gcc/arm-none-eabi/10.2.1/../../../../arm-none-eabi/lib/thumb/v7e-m+dp/hard\libc_nano.a(lib_a-cxa_atexit.o)
                0x0800c7a4                __cxa_atexit
 .text.__errno  0x0800c7c0        0xc c:/users/daniel schwartz/documents/daisytoolchain-0.3.1/windows/bin/../lib/gcc/arm-none-eabi/10.2.1/../../../../arm-none-eabi/lib/thumb/v7e-m+dp/hard\libc_nano.a(lib_a-errno.o)
                0x0800c7c0                __errno
 .text.__libc_init_array
                0x0800c7cc       0x48 c:/users/daniel schwartz/documents/daisytoolchain-0.3.1/windows/bin/../lib/gcc/arm-none-eabi/10.2.1/../../../../arm-none-eabi/lib/thumb/v7e-m+dp/hard\libc_nano.a(lib_a-init.o)
                0x0800c7cc                __libc_init_array
 .text.memcpy   0x0800c814       0x1c c:/users/daniel schwartz/documents/daisytoolchain-0.3.1/windows/bin/../lib/gcc/arm-none-eabi/10.2.1/../../../../arm-none-eabi/lib/thumb/v7e-m+dp/hard\libc_nano.a(lib_a-memcpy-stub.o)
                0x0800c814                memcpy
 .text.memset   0x0800c830       0x10 c:/users/daniel schwartz/documents/daisytoolchain-0.3.1/windows/bin/../lib/gcc/arm-none-eabi/10.2.1/../../../../arm-none-eabi/lib/thumb/v7e-m+dp/hard\libc_nano.a(lib_a-memset.o)
                0x0800c830                memset
 .text.srand    0x0800c840       0x5c c:/users/daniel schwartz/documents/daisytoolchain-0.3.1/windows/bin/../lib/gcc/arm-none-eabi/10.2.1/../../../../arm-none-eabi/lib/thumb/v7e-m+dp/hard\libc_nano.a(lib_a-rand.o)
                0x0800c840                srand
 .text.rand     0x0800c89c       0x7c c:/users/daniel schwartz/documents/daisytoolchain-0.3.1/windows/bin/../lib/gcc/arm-none-eabi/10.2.1/../../../../arm-none-eabi/lib/thumb/v7e-m+dp/hard\libc_nano.a(lib_a-rand.o)
                0x0800c89c                rand
 .text.__assert_func
                0x0800c918       0x3c c:/users/daniel schwartz/documents/daisytoolchain-0.3.1/windows/bin/../lib/gcc/arm-none-eabi/10.2.1/../../../../arm-none-eabi/lib/thumb/v7e-m+dp/hard\libc_nano.a(lib_a-assert.o)
                0x0800c918                __assert_func
 .text.fprintf  0x0800c954       0x24 c:/users/daniel schwartz/documents/daisytoolchain-0.3.1/windows/bin/../lib/gcc/arm-none-eabi/10.2.1/../../../../arm-none-eabi/lib/thumb/v7e-m+dp/hard\libc_nano.a(lib_a-fprintf.o)
                0x0800c954                fiprintf
                0x0800c954                fprintf
 .text.malloc   0x0800c978       0x10 c:/users/daniel schwartz/documents/daisytoolchain-0.3.1/windows/bin/../lib/gcc/arm-none-eabi/10.2.1/../../../../arm-none-eabi/lib/thumb/v7e-m+dp/hard\libc_nano.a(lib_a-malloc.o)
                0x0800c978                malloc
 .text._free_r  0x0800c988       0x98 c:/users/daniel schwartz/documents/daisytoolchain-0.3.1/windows/bin/../lib/gcc/arm-none-eabi/10.2.1/../../../../arm-none-eabi/lib/thumb/v7e-m+dp/hard\libc_nano.a(lib_a-nano-freer.o)
                0x0800c988                _free_r
 .text._malloc_r
                0x0800ca20       0xb4 c:/users/daniel schwartz/documents/daisytoolchain-0.3.1/windows/bin/../lib/gcc/arm-none-eabi/10.2.1/../../../../arm-none-eabi/lib/thumb/v7e-m+dp/hard\libc_nano.a(lib_a-nano-mallocr.o)
                0x0800ca20                _malloc_r
 .text.__sfputc_r
                0x0800cad4       0x2e c:/users/daniel schwartz/documents/daisytoolchain-0.3.1/windows/bin/../lib/gcc/arm-none-eabi/10.2.1/../../../../arm-none-eabi/lib/thumb/v7e-m+dp/hard\libc_nano.a(lib_a-nano-vfprintf.o)
 .text.__sfputs_r
                0x0800cb02       0x24 c:/users/daniel schwartz/documents/daisytoolchain-0.3.1/windows/bin/../lib/gcc/arm-none-eabi/10.2.1/../../../../arm-none-eabi/lib/thumb/v7e-m+dp/hard\libc_nano.a(lib_a-nano-vfprintf.o)
                0x0800cb02                __sfputs_r
 *fill*         0x0800cb26        0x2 
 .text._vfprintf_r
                0x0800cb28      0x260 c:/users/daniel schwartz/documents/daisytoolchain-0.3.1/windows/bin/../lib/gcc/arm-none-eabi/10.2.1/../../../../arm-none-eabi/lib/thumb/v7e-m+dp/hard\libc_nano.a(lib_a-nano-vfprintf.o)
                0x0800cb28                _vfprintf_r
                0x0800cb28                _vfiprintf_r
 .text._printf_common
                0x0800cd88       0xda c:/users/daniel schwartz/documents/daisytoolchain-0.3.1/windows/bin/../lib/gcc/arm-none-eabi/10.2.1/../../../../arm-none-eabi/lib/thumb/v7e-m+dp/hard\libc_nano.a(lib_a-nano-vfprintf_i.o)
                0x0800cd88                _printf_common
 *fill*         0x0800ce62        0x2 
 .text._printf_i
                0x0800ce64      0x24c c:/users/daniel schwartz/documents/daisytoolchain-0.3.1/windows/bin/../lib/gcc/arm-none-eabi/10.2.1/../../../../arm-none-eabi/lib/thumb/v7e-m+dp/hard\libc_nano.a(lib_a-nano-vfprintf_i.o)
                0x0800ce64                _printf_i
 .text._sbrk_r  0x0800d0b0       0x20 c:/users/daniel schwartz/documents/daisytoolchain-0.3.1/windows/bin/../lib/gcc/arm-none-eabi/10.2.1/../../../../arm-none-eabi/lib/thumb/v7e-m+dp/hard\libc_nano.a(lib_a-sbrkr.o)
                0x0800d0b0                _sbrk_r
 .text.__swbuf_r
                0x0800d0d0       0xa4 c:/users/daniel schwartz/documents/daisytoolchain-0.3.1/windows/bin/../lib/gcc/arm-none-eabi/10.2.1/../../../../arm-none-eabi/lib/thumb/v7e-m+dp/hard\libc_nano.a(lib_a-wbuf.o)
                0x0800d0d0                __swbuf_r
 .text.__swsetup_r
                0x0800d174       0xdc c:/users/daniel schwartz/documents/daisytoolchain-0.3.1/windows/bin/../lib/gcc/arm-none-eabi/10.2.1/../../../../arm-none-eabi/lib/thumb/v7e-m+dp/hard\libc_nano.a(lib_a-wsetup.o)
                0x0800d174                __swsetup_r
 .text.abort    0x0800d250        0xe c:/users/daniel schwartz/documents/daisytoolchain-0.3.1/windows/bin/../lib/gcc/arm-none-eabi/10.2.1/../../../../arm-none-eabi/lib/thumb/v7e-m+dp/hard\libc_nano.a(lib_a-abort.o)
                0x0800d250                abort
 *fill*         0x0800d25e        0x2 
 .text.__sflush_r
                0x0800d260      0x10c c:/users/daniel schwartz/documents/daisytoolchain-0.3.1/windows/bin/../lib/gcc/arm-none-eabi/10.2.1/../../../../arm-none-eabi/lib/thumb/v7e-m+dp/hard\libc_nano.a(lib_a-fflush.o)
                0x0800d260                __sflush_r
 .text._fflush_r
                0x0800d36c       0x78 c:/users/daniel schwartz/documents/daisytoolchain-0.3.1/windows/bin/../lib/gcc/arm-none-eabi/10.2.1/../../../../arm-none-eabi/lib/thumb/v7e-m+dp/hard\libc_nano.a(lib_a-fflush.o)
                0x0800d36c                _fflush_r
 .text.std      0x0800d3e4       0x48 c:/users/daniel schwartz/documents/daisytoolchain-0.3.1/windows/bin/../lib/gcc/arm-none-eabi/10.2.1/../../../../arm-none-eabi/lib/thumb/v7e-m+dp/hard\libc_nano.a(lib_a-findfp.o)
 .text._cleanup_r
                0x0800d42c        0xc c:/users/daniel schwartz/documents/daisytoolchain-0.3.1/windows/bin/../lib/gcc/arm-none-eabi/10.2.1/../../../../arm-none-eabi/lib/thumb/v7e-m+dp/hard\libc_nano.a(lib_a-findfp.o)
                0x0800d42c                _cleanup_r
 .text.__sfmoreglue
                0x0800d438       0x2c c:/users/daniel schwartz/documents/daisytoolchain-0.3.1/windows/bin/../lib/gcc/arm-none-eabi/10.2.1/../../../../arm-none-eabi/lib/thumb/v7e-m+dp/hard\libc_nano.a(lib_a-findfp.o)
                0x0800d438                __sfmoreglue
 .text.__sfp_lock_acquire
                0x0800d464        0xc c:/users/daniel schwartz/documents/daisytoolchain-0.3.1/windows/bin/../lib/gcc/arm-none-eabi/10.2.1/../../../../arm-none-eabi/lib/thumb/v7e-m+dp/hard\libc_nano.a(lib_a-findfp.o)
                0x0800d464                __sfp_lock_acquire
 .text.__sfp_lock_release
                0x0800d470        0xc c:/users/daniel schwartz/documents/daisytoolchain-0.3.1/windows/bin/../lib/gcc/arm-none-eabi/10.2.1/../../../../arm-none-eabi/lib/thumb/v7e-m+dp/hard\libc_nano.a(lib_a-findfp.o)
                0x0800d470                __sfp_lock_release
 .text.__sinit_lock_acquire
                0x0800d47c        0xc c:/users/daniel schwartz/documents/daisytoolchain-0.3.1/windows/bin/../lib/gcc/arm-none-eabi/10.2.1/../../../../arm-none-eabi/lib/thumb/v7e-m+dp/hard\libc_nano.a(lib_a-findfp.o)
                0x0800d47c                __sinit_lock_acquire
 .text.__sinit_lock_release
                0x0800d488        0xc c:/users/daniel schwartz/documents/daisytoolchain-0.3.1/windows/bin/../lib/gcc/arm-none-eabi/10.2.1/../../../../arm-none-eabi/lib/thumb/v7e-m+dp/hard\libc_nano.a(lib_a-findfp.o)
                0x0800d488                __sinit_lock_release
 .text.__sinit  0x0800d494       0x70 c:/users/daniel schwartz/documents/daisytoolchain-0.3.1/windows/bin/../lib/gcc/arm-none-eabi/10.2.1/../../../../arm-none-eabi/lib/thumb/v7e-m+dp/hard\libc_nano.a(lib_a-findfp.o)
                0x0800d494                __sinit
 .text.__sfp    0x0800d504       0x8c c:/users/daniel schwartz/documents/daisytoolchain-0.3.1/windows/bin/../lib/gcc/arm-none-eabi/10.2.1/../../../../arm-none-eabi/lib/thumb/v7e-m+dp/hard\libc_nano.a(lib_a-findfp.o)
                0x0800d504                __sfp
 .text._fwalk_reent
                0x0800d590       0x3e c:/users/daniel schwartz/documents/daisytoolchain-0.3.1/windows/bin/../lib/gcc/arm-none-eabi/10.2.1/../../../../arm-none-eabi/lib/thumb/v7e-m+dp/hard\libc_nano.a(lib_a-fwalk.o)
                0x0800d590                _fwalk_reent
 .text.__retarget_lock_init_recursive
                0x0800d5ce        0x2 c:/users/daniel schwartz/documents/daisytoolchain-0.3.1/windows/bin/../lib/gcc/arm-none-eabi/10.2.1/../../../../arm-none-eabi/lib/thumb/v7e-m+dp/hard\libc_nano.a(lib_a-lock.o)
                0x0800d5ce                __retarget_lock_init_recursive
 .text.__retarget_lock_acquire_recursive
                0x0800d5d0        0x2 c:/users/daniel schwartz/documents/daisytoolchain-0.3.1/windows/bin/../lib/gcc/arm-none-eabi/10.2.1/../../../../arm-none-eabi/lib/thumb/v7e-m+dp/hard\libc_nano.a(lib_a-lock.o)
                0x0800d5d0                __retarget_lock_acquire_recursive
 .text.__retarget_lock_release_recursive
                0x0800d5d2        0x2 c:/users/daniel schwartz/documents/daisytoolchain-0.3.1/windows/bin/../lib/gcc/arm-none-eabi/10.2.1/../../../../arm-none-eabi/lib/thumb/v7e-m+dp/hard\libc_nano.a(lib_a-lock.o)
                0x0800d5d2                __retarget_lock_release_recursive
 .text.__swhatbuf_r
                0x0800d5d4       0x4a c:/users/daniel schwartz/documents/daisytoolchain-0.3.1/windows/bin/../lib/gcc/arm-none-eabi/10.2.1/../../../../arm-none-eabi/lib/thumb/v7e-m+dp/hard\libc_nano.a(lib_a-makebuf.o)
                0x0800d5d4                __swhatbuf_r
 *fill*         0x0800d61e        0x2 
 .text.__smakebuf_r
                0x0800d620       0x80 c:/users/daniel schwartz/documents/daisytoolchain-0.3.1/windows/bin/../lib/gcc/arm-none-eabi/10.2.1/../../../../arm-none-eabi/lib/thumb/v7e-m+dp/hard\libc_nano.a(lib_a-makebuf.o)
                0x0800d620                __smakebuf_r
 .text.__malloc_lock
                0x0800d6a0        0xc c:/users/daniel schwartz/documents/daisytoolchain-0.3.1/windows/bin/../lib/gcc/arm-none-eabi/10.2.1/../../../../arm-none-eabi/lib/thumb/v7e-m+dp/hard\libc_nano.a(lib_a-mlock.o)
                0x0800d6a0                __malloc_lock
 .text.__malloc_unlock
                0x0800d6ac        0xc c:/users/daniel schwartz/documents/daisytoolchain-0.3.1/windows/bin/../lib/gcc/arm-none-eabi/10.2.1/../../../../arm-none-eabi/lib/thumb/v7e-m+dp/hard\libc_nano.a(lib_a-mlock.o)
                0x0800d6ac                __malloc_unlock
 .text._raise_r
                0x0800d6b8       0x50 c:/users/daniel schwartz/documents/daisytoolchain-0.3.1/windows/bin/../lib/gcc/arm-none-eabi/10.2.1/../../../../arm-none-eabi/lib/thumb/v7e-m+dp/hard\libc_nano.a(lib_a-signal.o)
                0x0800d6b8                _raise_r
 .text.raise    0x0800d708       0x10 c:/users/daniel schwartz/documents/daisytoolchain-0.3.1/windows/bin/../lib/gcc/arm-none-eabi/10.2.1/../../../../arm-none-eabi/lib/thumb/v7e-m+dp/hard\libc_nano.a(lib_a-signal.o)
                0x0800d708                raise
 .text._kill_r  0x0800d718       0x24 c:/users/daniel schwartz/documents/daisytoolchain-0.3.1/windows/bin/../lib/gcc/arm-none-eabi/10.2.1/../../../../arm-none-eabi/lib/thumb/v7e-m+dp/hard\libc_nano.a(lib_a-signalr.o)
                0x0800d718                _kill_r
 .text._getpid_r
                0x0800d73c        0x4 c:/users/daniel schwartz/documents/daisytoolchain-0.3.1/windows/bin/../lib/gcc/arm-none-eabi/10.2.1/../../../../arm-none-eabi/lib/thumb/v7e-m+dp/hard\libc_nano.a(lib_a-signalr.o)
                0x0800d73c                _getpid_r
 .text.__sread  0x0800d740       0x22 c:/users/daniel schwartz/documents/daisytoolchain-0.3.1/windows/bin/../lib/gcc/arm-none-eabi/10.2.1/../../../../arm-none-eabi/lib/thumb/v7e-m+dp/hard\libc_nano.a(lib_a-stdio.o)
                0x0800d740                __sread
 .text.__swrite
                0x0800d762       0x38 c:/users/daniel schwartz/documents/daisytoolchain-0.3.1/windows/bin/../lib/gcc/arm-none-eabi/10.2.1/../../../../arm-none-eabi/lib/thumb/v7e-m+dp/hard\libc_nano.a(lib_a-stdio.o)
                0x0800d762                __swrite
 .text.__sseek  0x0800d79a       0x24 c:/users/daniel schwartz/documents/daisytoolchain-0.3.1/windows/bin/../lib/gcc/arm-none-eabi/10.2.1/../../../../arm-none-eabi/lib/thumb/v7e-m+dp/hard\libc_nano.a(lib_a-stdio.o)
                0x0800d79a                __sseek
 .text.__sclose
                0x0800d7be        0x8 c:/users/daniel schwartz/documents/daisytoolchain-0.3.1/windows/bin/../lib/gcc/arm-none-eabi/10.2.1/../../../../arm-none-eabi/lib/thumb/v7e-m+dp/hard\libc_nano.a(lib_a-stdio.o)
                0x0800d7be                __sclose
 *fill*         0x0800d7c6        0x2 
 .text._write_r
                0x0800d7c8       0x24 c:/users/daniel schwartz/documents/daisytoolchain-0.3.1/windows/bin/../lib/gcc/arm-none-eabi/10.2.1/../../../../arm-none-eabi/lib/thumb/v7e-m+dp/hard\libc_nano.a(lib_a-writer.o)
                0x0800d7c8                _write_r
 .text._close_r
                0x0800d7ec       0x20 c:/users/daniel schwartz/documents/daisytoolchain-0.3.1/windows/bin/../lib/gcc/arm-none-eabi/10.2.1/../../../../arm-none-eabi/lib/thumb/v7e-m+dp/hard\libc_nano.a(lib_a-closer.o)
                0x0800d7ec                _close_r
 .text._fstat_r
                0x0800d80c       0x24 c:/users/daniel schwartz/documents/daisytoolchain-0.3.1/windows/bin/../lib/gcc/arm-none-eabi/10.2.1/../../../../arm-none-eabi/lib/thumb/v7e-m+dp/hard\libc_nano.a(lib_a-fstatr.o)
                0x0800d80c                _fstat_r
 .text._isatty_r
                0x0800d830       0x20 c:/users/daniel schwartz/documents/daisytoolchain-0.3.1/windows/bin/../lib/gcc/arm-none-eabi/10.2.1/../../../../arm-none-eabi/lib/thumb/v7e-m+dp/hard\libc_nano.a(lib_a-isattyr.o)
                0x0800d830                _isatty_r
 .text._lseek_r
                0x0800d850       0x24 c:/users/daniel schwartz/documents/daisytoolchain-0.3.1/windows/bin/../lib/gcc/arm-none-eabi/10.2.1/../../../../arm-none-eabi/lib/thumb/v7e-m+dp/hard\libc_nano.a(lib_a-lseekr.o)
                0x0800d850                _lseek_r
 .text._read_r  0x0800d874       0x24 c:/users/daniel schwartz/documents/daisytoolchain-0.3.1/windows/bin/../lib/gcc/arm-none-eabi/10.2.1/../../../../arm-none-eabi/lib/thumb/v7e-m+dp/hard\libc_nano.a(lib_a-readr.o)
                0x0800d874                _read_r
 .text._close   0x0800d898       0x10 c:/users/daniel schwartz/documents/daisytoolchain-0.3.1/windows/bin/../lib/gcc/arm-none-eabi/10.2.1/../../../../arm-none-eabi/lib/thumb/v7e-m+dp/hard\libnosys.a(close.o)
                0x0800d898                _close
 .text._fstat   0x0800d8a8       0x10 c:/users/daniel schwartz/documents/daisytoolchain-0.3.1/windows/bin/../lib/gcc/arm-none-eabi/10.2.1/../../../../arm-none-eabi/lib/thumb/v7e-m+dp/hard\libnosys.a(fstat.o)
                0x0800d8a8                _fstat
 .text._getpid  0x0800d8b8       0x10 c:/users/daniel schwartz/documents/daisytoolchain-0.3.1/windows/bin/../lib/gcc/arm-none-eabi/10.2.1/../../../../arm-none-eabi/lib/thumb/v7e-m+dp/hard\libnosys.a(getpid.o)
                0x0800d8b8                _getpid
 .text._isatty  0x0800d8c8       0x10 c:/users/daniel schwartz/documents/daisytoolchain-0.3.1/windows/bin/../lib/gcc/arm-none-eabi/10.2.1/../../../../arm-none-eabi/lib/thumb/v7e-m+dp/hard\libnosys.a(isatty.o)
                0x0800d8c8                _isatty
 .text._kill    0x0800d8d8       0x10 c:/users/daniel schwartz/documents/daisytoolchain-0.3.1/windows/bin/../lib/gcc/arm-none-eabi/10.2.1/../../../../arm-none-eabi/lib/thumb/v7e-m+dp/hard\libnosys.a(kill.o)
                0x0800d8d8                _kill
 .text._lseek   0x0800d8e8       0x10 c:/users/daniel schwartz/documents/daisytoolchain-0.3.1/windows/bin/../lib/gcc/arm-none-eabi/10.2.1/../../../../arm-none-eabi/lib/thumb/v7e-m+dp/hard\libnosys.a(lseek.o)
                0x0800d8e8                _lseek
 .text._read    0x0800d8f8       0x10 c:/users/daniel schwartz/documents/daisytoolchain-0.3.1/windows/bin/../lib/gcc/arm-none-eabi/10.2.1/../../../../arm-none-eabi/lib/thumb/v7e-m+dp/hard\libnosys.a(read.o)
                0x0800d8f8                _read
 .text._sbrk    0x0800d908       0x1c c:/users/daniel schwartz/documents/daisytoolchain-0.3.1/windows/bin/../lib/gcc/arm-none-eabi/10.2.1/../../../../arm-none-eabi/lib/thumb/v7e-m+dp/hard\libnosys.a(sbrk.o)
                0x0800d908                _sbrk
 .text._write   0x0800d924       0x10 c:/users/daniel schwartz/documents/daisytoolchain-0.3.1/windows/bin/../lib/gcc/arm-none-eabi/10.2.1/../../../../arm-none-eabi/lib/thumb/v7e-m+dp/hard\libnosys.a(write.o)
                0x0800d924                _write
 .text._exit    0x0800d934        0x4 c:/users/daniel schwartz/documents/daisytoolchain-0.3.1/windows/bin/../lib/gcc/arm-none-eabi/10.2.1/../../../../arm-none-eabi/lib/thumb/v7e-m+dp/hard\libnosys.a(_exit.o)
                0x0800d934                _exit
 *(.rodata)
 .rodata        0x0800d938      0x200 build/ChorusPetal.o
 .rodata        0x0800db38        0x8 ../../DaisyExamples/libdaisy/build\libdaisy.a(daisy_petal.o)
 .rodata        0x0800db40       0x10 ../../DaisyExamples/libdaisy/build\libdaisy.a(i2c.o)
 .rodata        0x0800db50       0x10 ../../DaisyExamples/libdaisy/build\libdaisy.a(tim.o)
 *(.rodata*)
 .rodata._ZN5daisy10DaisyPetal9ClearLedsEv.str1.4
                0x0800db60       0x15 ../../DaisyExamples/libdaisy/build\libdaisy.a(daisy_petal.o)
 *fill*         0x0800db75        0x3 
 .rodata._ZN5daisy10DaisyPetal12InitSwitchesEv.str1.4
                0x0800db78        0x8 ../../DaisyExamples/libdaisy/build\libdaisy.a(daisy_petal.o)
 .rodata._ZL20petal_led_i2c_config
                0x0800db80       0x14 ../../DaisyExamples/libdaisy/build\libdaisy.a(daisy_petal.o)
 .rodata._ZL8seedgpio
                0x0800db94       0x3e ../../DaisyExamples/libdaisy/build\libdaisy.a(daisy_seed.o)
 *fill*         0x0800dbd2        0x2 
 .rodata._ZL16dsy_adc_rank_map
                0x0800dbd4       0x40 ../../DaisyExamples/libdaisy/build\libdaisy.a(adc.o)
 .rodata.HAL_QSPI_MspInit.str1.4
                0x0800dc14        0x7 ../../DaisyExamples/libdaisy/build\libdaisy.a(qspi.o)
 *fill*         0x0800dc1b        0x1 
 .rodata.CSWTCH.33
                0x0800dc1c        0x3 ../../DaisyExamples/libdaisy/build\libdaisy.a(sai.o)
 *fill*         0x0800dc1f        0x1 
 .rodata.CSWTCH.34
                0x0800dc20        0xc ../../DaisyExamples/libdaisy/build\libdaisy.a(sai.o)
 .rodata.CSWTCH.41
                0x0800dc2c       0x14 ../../DaisyExamples/libdaisy/build\libdaisy.a(sai.o)
 .rodata.D1CorePrescTable
                0x0800dc40       0x10 ../../DaisyExamples/libdaisy/build\libdaisy.a(system_stm32h7xx.o)
                0x0800dc40                D1CorePrescTable
 .rodata.gpio_hal_pin_map
                0x0800dc50       0x20 ../../DaisyExamples/libdaisy/build\libdaisy.a(hal_map.o)
 .rodata.gpio_hal_port_map
                0x0800dc70       0x30 ../../DaisyExamples/libdaisy/build\libdaisy.a(hal_map.o)
 .rodata.flagBitshiftOffset.0
                0x0800dca0        0x8 ../../DaisyExamples/libdaisy/build\libdaisy.a(stm32h7xx_hal_dma.o)
 .rodata.asinf.str1.4
                0x0800dca8        0x7 c:/users/daniel schwartz/documents/daisytoolchain-0.3.1/windows/bin/../lib/gcc/arm-none-eabi/10.2.1/../../../../arm-none-eabi/lib/thumb/v7e-m+dp/hard\libm.a(lib_a-wf_asin.o)
                                  0x1 (size before relaxing)
 .rodata.__inv_pio4
                0x0800dca8       0x60 c:/users/daniel schwartz/documents/daisytoolchain-0.3.1/windows/bin/../lib/gcc/arm-none-eabi/10.2.1/../../../../arm-none-eabi/lib/thumb/v7e-m+dp/hard\libm.a(lib_a-sincosf_data.o)
                0x0800dca8                __inv_pio4
 .rodata.__sincosf_table
                0x0800dd08       0xe0 c:/users/daniel schwartz/documents/daisytoolchain-0.3.1/windows/bin/../lib/gcc/arm-none-eabi/10.2.1/../../../../arm-none-eabi/lib/thumb/v7e-m+dp/hard\libm.a(lib_a-sincosf_data.o)
                0x0800dd08                __sincosf_table
 .rodata._global_impure_ptr
                0x0800dde8        0x4 c:/users/daniel schwartz/documents/daisytoolchain-0.3.1/windows/bin/../lib/gcc/arm-none-eabi/10.2.1/../../../../arm-none-eabi/lib/thumb/v7e-m+dp/hard\libc_nano.a(lib_a-impure.o)
                0x0800dde8                _global_impure_ptr
 .rodata.srand.str1.1
                0x0800ddec       0x94 c:/users/daniel schwartz/documents/daisytoolchain-0.3.1/windows/bin/../lib/gcc/arm-none-eabi/10.2.1/../../../../arm-none-eabi/lib/thumb/v7e-m+dp/hard\libc_nano.a(lib_a-rand.o)
 .rodata.__assert_func.str1.1
                0x0800de80       0x3c c:/users/daniel schwartz/documents/daisytoolchain-0.3.1/windows/bin/../lib/gcc/arm-none-eabi/10.2.1/../../../../arm-none-eabi/lib/thumb/v7e-m+dp/hard\libc_nano.a(lib_a-assert.o)
                                 0x3d (size before relaxing)
 .rodata._vfprintf_r.str1.1
                0x0800debc       0x11 c:/users/daniel schwartz/documents/daisytoolchain-0.3.1/windows/bin/../lib/gcc/arm-none-eabi/10.2.1/../../../../arm-none-eabi/lib/thumb/v7e-m+dp/hard\libc_nano.a(lib_a-nano-vfprintf.o)
 .rodata._printf_i.str1.1
                0x0800decd       0x22 c:/users/daniel schwartz/documents/daisytoolchain-0.3.1/windows/bin/../lib/gcc/arm-none-eabi/10.2.1/../../../../arm-none-eabi/lib/thumb/v7e-m+dp/hard\libc_nano.a(lib_a-nano-vfprintf_i.o)
 *fill*         0x0800deef        0x1 
 .rodata.__sf_fake_stderr
                0x0800def0       0x20 c:/users/daniel schwartz/documents/daisytoolchain-0.3.1/windows/bin/../lib/gcc/arm-none-eabi/10.2.1/../../../../arm-none-eabi/lib/thumb/v7e-m+dp/hard\libc_nano.a(lib_a-findfp.o)
                0x0800def0                __sf_fake_stderr
 .rodata.__sf_fake_stdin
                0x0800df10       0x20 c:/users/daniel schwartz/documents/daisytoolchain-0.3.1/windows/bin/../lib/gcc/arm-none-eabi/10.2.1/../../../../arm-none-eabi/lib/thumb/v7e-m+dp/hard\libc_nano.a(lib_a-findfp.o)
                0x0800df10                __sf_fake_stdin
 .rodata.__sf_fake_stdout
                0x0800df30       0x20 c:/users/daniel schwartz/documents/daisytoolchain-0.3.1/windows/bin/../lib/gcc/arm-none-eabi/10.2.1/../../../../arm-none-eabi/lib/thumb/v7e-m+dp/hard\libc_nano.a(lib_a-findfp.o)
                0x0800df30                __sf_fake_stdout
 *(.glue_7)
 .glue_7        0x0800df50        0x0 linker stubs
 *(.glue_7t)
 .glue_7t       0x0800df50        0x0 linker stubs
 *(.init)
 .init          0x0800df50        0x4 c:/users/daniel schwartz/documents/daisytoolchain-0.3.1/windows/bin/../lib/gcc/arm-none-eabi/10.2.1/thumb/v7e-m+dp/hard/crti.o
                0x0800df50                _init
 .init          0x0800df54        0x8 c:/users/daniel schwartz/documents/daisytoolchain-0.3.1/windows/bin/../lib/gcc/arm-none-eabi/10.2.1/thumb/v7e-m+dp/hard/crtn.o
 *(.fini)
 .fini          0x0800df5c        0x4 c:/users/daniel schwartz/documents/daisytoolchain-0.3.1/windows/bin/../lib/gcc/arm-none-eabi/10.2.1/thumb/v7e-m+dp/hard/crti.o
                0x0800df5c                _fini
 .fini          0x0800df60        0x8 c:/users/daniel schwartz/documents/daisytoolchain-0.3.1/windows/bin/../lib/gcc/arm-none-eabi/10.2.1/thumb/v7e-m+dp/hard/crtn.o
                0x0800df68                . = ALIGN (0x4)
                0x0800df68                _etext = .

.eh_frame       0x0800df68        0x0
 .eh_frame      0x0800df68        0x0 c:/users/daniel schwartz/documents/daisytoolchain-0.3.1/windows/bin/../lib/gcc/arm-none-eabi/10.2.1/thumb/v7e-m+dp/hard/crtbegin.o

.vfp11_veneer   0x0800df68        0x0
 .vfp11_veneer  0x0800df68        0x0 linker stubs

.v4_bx          0x0800df68        0x0
 .v4_bx         0x0800df68        0x0 linker stubs

.iplt           0x0800df68        0x0
 .iplt          0x0800df68        0x0 c:/users/daniel schwartz/documents/daisytoolchain-0.3.1/windows/bin/../lib/gcc/arm-none-eabi/10.2.1/thumb/v7e-m+dp/hard/crtbegin.o

.rel.dyn        0x0800df68        0x0
 .rel.iplt      0x0800df68        0x0 c:/users/daniel schwartz/documents/daisytoolchain-0.3.1/windows/bin/../lib/gcc/arm-none-eabi/10.2.1/thumb/v7e-m+dp/hard/crtbegin.o

.ARM.extab      0x0800df68        0x0
                0x0800df68                . = ALIGN (0x4)
 *(.ARM.extab)
 *(.gnu.linkonce.armextab.*)
                0x0800df68                . = ALIGN (0x4)

.exidx          0x0800df68        0x0
                0x0800df68                . = ALIGN (0x4)
                [!provide]                PROVIDE (__exidx_start = .)
 *(.ARM.exidx*)
                0x0800df68                . = ALIGN (0x4)
                [!provide]                PROVIDE (__exidx_end = .)

.ARM.attributes
                0x0800df68       0x2e
 *(.ARM.attributes)
 .ARM.attributes
                0x0800df68       0x1e c:/users/daniel schwartz/documents/daisytoolchain-0.3.1/windows/bin/../lib/gcc/arm-none-eabi/10.2.1/thumb/v7e-m+dp/hard/crti.o
 .ARM.attributes
                0x0800df86       0x32 c:/users/daniel schwartz/documents/daisytoolchain-0.3.1/windows/bin/../lib/gcc/arm-none-eabi/10.2.1/thumb/v7e-m+dp/hard/crtbegin.o
 .ARM.attributes
                0x0800dfb8       0x32 build/startup_stm32h750xx.o
 .ARM.attributes
                0x0800dfea       0x32 build/ChorusPetal.o
 .ARM.attributes
                0x0800e01c       0x32 build/oscillator.o
 .ARM.attributes
                0x0800e04e       0x32 ../../DaisyExamples/libdaisy/build\libdaisy.a(daisy_petal.o)
 .ARM.attributes
                0x0800e080       0x32 ../../DaisyExamples/libdaisy/build\libdaisy.a(daisy_seed.o)
 .ARM.attributes
                0x0800e0b2       0x32 ../../DaisyExamples/libdaisy/build\libdaisy.a(codec_ak4556.o)
 .ARM.attributes
                0x0800e0e4       0x32 ../../DaisyExamples/libdaisy/build\libdaisy.a(sdram.o)
 .ARM.attributes
                0x0800e116       0x32 ../../DaisyExamples/libdaisy/build\libdaisy.a(audio.o)
 .ARM.attributes
                0x0800e148       0x32 ../../DaisyExamples/libdaisy/build\libdaisy.a(ctrl.o)
 .ARM.attributes
                0x0800e17a       0x32 ../../DaisyExamples/libdaisy/build\libdaisy.a(encoder.o)
 .ARM.attributes
                0x0800e1ac       0x32 ../../DaisyExamples/libdaisy/build\libdaisy.a(switch.o)
 .ARM.attributes
                0x0800e1de       0x32 ../../DaisyExamples/libdaisy/build\libdaisy.a(adc.o)
 .ARM.attributes
                0x0800e210       0x32 ../../DaisyExamples/libdaisy/build\libdaisy.a(gpio.o)
 .ARM.attributes
                0x0800e242       0x32 ../../DaisyExamples/libdaisy/build\libdaisy.a(i2c.o)
 .ARM.attributes
                0x0800e274       0x32 ../../DaisyExamples/libdaisy/build\libdaisy.a(qspi.o)
 .ARM.attributes
                0x0800e2a6       0x32 ../../DaisyExamples/libdaisy/build\libdaisy.a(sai.o)
 .ARM.attributes
                0x0800e2d8       0x32 ../../DaisyExamples/libdaisy/build\libdaisy.a(system.o)
 .ARM.attributes
                0x0800e30a       0x32 ../../DaisyExamples/libdaisy/build\libdaisy.a(system_stm32h7xx.o)
 .ARM.attributes
                0x0800e33c       0x32 ../../DaisyExamples/libdaisy/build\libdaisy.a(hal_map.o)
 .ARM.attributes
                0x0800e36e       0x32 ../../DaisyExamples/libdaisy/build\libdaisy.a(stm32h7xx_hal.o)
 .ARM.attributes
                0x0800e3a0       0x32 ../../DaisyExamples/libdaisy/build\libdaisy.a(stm32h7xx_hal_adc.o)
 .ARM.attributes
                0x0800e3d2       0x32 ../../DaisyExamples/libdaisy/build\libdaisy.a(stm32h7xx_hal_adc_ex.o)
 .ARM.attributes
                0x0800e404       0x32 ../../DaisyExamples/libdaisy/build\libdaisy.a(stm32h7xx_hal_cortex.o)
 .ARM.attributes
                0x0800e436       0x32 ../../DaisyExamples/libdaisy/build\libdaisy.a(stm32h7xx_hal_dma.o)
 .ARM.attributes
                0x0800e468       0x32 ../../DaisyExamples/libdaisy/build\libdaisy.a(stm32h7xx_hal_gpio.o)
 .ARM.attributes
                0x0800e49a       0x32 ../../DaisyExamples/libdaisy/build\libdaisy.a(stm32h7xx_hal_i2c.o)
 .ARM.attributes
                0x0800e4cc       0x32 ../../DaisyExamples/libdaisy/build\libdaisy.a(stm32h7xx_hal_i2c_ex.o)
 .ARM.attributes
                0x0800e4fe       0x32 ../../DaisyExamples/libdaisy/build\libdaisy.a(stm32h7xx_hal_pwr_ex.o)
 .ARM.attributes
                0x0800e530       0x32 ../../DaisyExamples/libdaisy/build\libdaisy.a(stm32h7xx_hal_qspi.o)
 .ARM.attributes
                0x0800e562       0x32 ../../DaisyExamples/libdaisy/build\libdaisy.a(stm32h7xx_hal_rcc.o)
 .ARM.attributes
                0x0800e594       0x32 ../../DaisyExamples/libdaisy/build\libdaisy.a(stm32h7xx_hal_rcc_ex.o)
 .ARM.attributes
                0x0800e5c6       0x32 ../../DaisyExamples/libdaisy/build\libdaisy.a(stm32h7xx_hal_sai.o)
 .ARM.attributes
                0x0800e5f8       0x32 ../../DaisyExamples/libdaisy/build\libdaisy.a(stm32h7xx_hal_sdram.o)
 .ARM.attributes
                0x0800e62a       0x32 ../../DaisyExamples/libdaisy/build\libdaisy.a(stm32h7xx_ll_fmc.o)
 .ARM.attributes
                0x0800e65c       0x32 ../../DaisyExamples/libdaisy/build\libdaisy.a(tim.o)
 .ARM.attributes
                0x0800e68e       0x32 ../../DaisyExamples/libdaisy/build\libdaisy.a(dma.o)
 .ARM.attributes
                0x0800e6c0       0x32 ../../DaisyExamples/libdaisy/build\libdaisy.a(stm32h7xx_hal_mdma.o)
 .ARM.attributes